<html>
<body>
<pre>
<h1>µVision Build Log</h1>
<h2>Tool Versions:</h2>
IDE-Version: ¦ÌVision V5.37.0.0
Copyright (C) 2022 ARM Ltd and ARM Germany GmbH. All rights reserved.
License Information: bai zw, LHA, LIC=PE7DL-05S7D-X7GRZ-JICH4-RQ765-NM0T9
 
Tool Versions:
Toolchain:       MDK-ARM Plus  Version: 5.37.0.0
Toolchain Path:  C:\Keil_v5\ARM\ARMCLANG\Bin
C Compiler:      ArmClang.exe V6.18
Assembler:       Armasm.exe V6.18
Linker/Locator:  ArmLink.exe V6.18
Library Manager: ArmAr.exe V6.18
Hex Converter:   FromElf.exe V6.18
CPU DLL:         SARMCM3.DLL V5.37.0.0
Dialog DLL:      DCM.DLL V1.17.5.0
Target DLL:      Segger\JL2CM3.dll V2.99.42.0
Dialog DLL:      TCM.DLL V1.56.1.0
 
<h2>Project:</h2>
Y:\Demo°å×ÊÁÏ\LH001_DemoCode\LH001-91_V2.1\examples\ECG_UART\gd32f330\KEIL\ECG.uvprojx
Project File Date:  06/30/2023

<h2>Output:</h2>
*** Using Compiler 'V6.18', folder: 'C:\Keil_v5\ARM\ARMCLANG\Bin'
Rebuild target 'Target 1'
compiling gd32f3x0_exti.c...
compiling gd32f3x0_syscfg.c...
compiling gd32f3x0_gpio.c...
compiling gd32f3x0_spi.c...
compiling uart_print.c...
compiling gd32f3x0_usart.c...
compiling spi_port.c...
compiling LH001_91.c...
../main.c(139): warning: passing 'volatile ADC_DATA_NOFIFO_t *' to parameter of type 'ADC_DATA_NOFIFO_t *' discards qualifiers [-Wincompatible-pointer-types-discards-qualifiers]
    lh001_91_read_data_nofifo(&ecg_dat);
                              ^~~~~~~~
../../../../lh_lib\LH001_91.h(580): note: passing argument to parameter 'pData' here
void lh001_91_read_data_nofifo(ADC_DATA_NOFIFO_t *pData);
                                                  ^
1 warning generated.
compiling main.c...
compiling gd32f3x0_misc.c...
compiling system_gd32f3x0.c...
compiling gd32f3x0_rcu.c...
compiling gd32f3x0_fmc.c...
assembling startup_gd32f3x0.s...
compiling gd32f3x0_timer.c...
linking...
Program Size: Code=11506 RO-data=402 RW-data=608 ZI-data=1056  
".\ECG.axf" - 0 Error(s), 1 Warning(s).

<h2>Software Packages used:</h2>

Package Vendor: ARM
                http://www.keil.com/pack/ARM.CMSIS.5.9.0.pack
                ARM.CMSIS.5.9.0
                CMSIS (Common Microcontroller Software Interface Standard)
   * Component: CORE Version: 5.6.0

Package Vendor: GigaDevice
                https://gd32mcu.com/data/documents/pack/GigaDevice.GD32F3x0_DFP.3.0.2.pack
                GigaDevice.GD32F3x0_DFP.3.0.2
                GigaDevice GD32F3x0 Series Device Support and Examples
   * Component: MISC Version: 2.2.0
   * Component: RCU Version: 2.2.0
   * Component: GD32F3x0_libopt Version: 2.2.0
   * Component: Startup Version: 2.2.0

<h2>Collection of Component include folders:</h2>
  ./RTE/_Target_1
  C:/Users/baizhiwei/AppData/Local/Arm/Packs/ARM/CMSIS/5.9.0/CMSIS/Core/Include
  C:/Users/baizhiwei/AppData/Local/Arm/Packs/GigaDevice/GD32F3x0_DFP/3.0.2/Device/Firmware/Peripherals/inc
  C:/Users/baizhiwei/AppData/Local/Arm/Packs/GigaDevice/GD32F3x0_DFP/3.0.2/Device/Include

<h2>Collection of Component Files used:</h2>

   * Component: ARM::CMSIS:CORE:5.6.0

   * Component: GigaDevice::Device:GD32F3x0_StdPeripherals:MISC:2.2.0
      Include file:  Device/Firmware/Peripherals/inc/gd32f3x0_misc.h
      Source file:   Device/Firmware/Peripherals/src/gd32f3x0_misc.c

   * Component: GigaDevice::Device:GD32F3x0_StdPeripherals:RCU:2.2.0
      Include file:  Device/Firmware/Peripherals/inc/gd32f3x0_rcu.h
      Source file:   Device/Firmware/Peripherals/src/gd32f3x0_rcu.c

   * Component: GigaDevice::Device:GD32F3x0_libopt:2.2.0
      Include file:  Device/Include/gd32f3x0_libopt.h

   * Component: GigaDevice::Device:Startup:2.2.0
      Source file:   Device/Source/system_gd32f3x0.c
      Include file:  Device/Include/gd32f3x0.h
      Source file:   Device/Source/ARM/startup_gd32f3x0.s
Build Time Elapsed:  00:00:05
</pre>
</body>
</html>
