Component: Arm Compiler for Embedded 6.18 Tool: armlink [5e4cc100]

==============================================================================

Section Cross References

    main.o(.ARM.exidx.text.delay) refers to main.o(.text.delay) for [Anonymous Symbol]
    main.o(.text.lh001_91_init) refers to spi_port.o(.text.stm_lh_spi_init) for stm_lh_spi_init
    main.o(.text.lh001_91_init) refers to lh001_91.o(.text.lh001_91_sw_reset) for lh001_91_sw_reset
    main.o(.text.lh001_91_init) refers to lh001_91.o(.text.lh001_91_adc_stop) for lh001_91_adc_stop
    main.o(.text.lh001_91_init) refers to lh001_91.o(.text.lh001_91_rdatac_stop) for lh001_91_rdatac_stop
    main.o(.text.lh001_91_init) refers to lh001_91.o(.text.lh001_91_leadoff_init) for lh001_91_leadoff_init
    main.o(.text.lh001_91_init) refers to lh001_91.o(.text.lh001_91_rld_init) for lh001_91_rld_init
    main.o(.text.lh001_91_init) refers to lh001_91.o(.text.lh001_91_pga_init) for lh001_91_pga_init
    main.o(.text.lh001_91_init) refers to lh001_91.o(.text.lh001_91_adc_init) for lh001_91_adc_init
    main.o(.text.lh001_91_init) refers to lh001_91.o(.text.lh001_91_adc_channel) for lh001_91_adc_channel
    main.o(.ARM.exidx.text.lh001_91_init) refers to main.o(.text.lh001_91_init) for [Anonymous Symbol]
    main.o(.text.main) refers to main.o(.bss.data_cnt) for data_cnt
    main.o(.text.main) refers to main.o(.bss.data_ready_flag) for data_ready_flag
    main.o(.text.main) refers to uart_print.o(.text.uart_print_init) for uart_print_init
    main.o(.text.main) refers to uart_print.o(.text.debug_pin_init) for debug_pin_init
    main.o(.text.main) refers to main.o(.rodata.str1.1) for .L.str
    main.o(.text.main) refers to printfa.o(i.__0printf) for printf
    main.o(.text.main) refers to main.o(.text.lh001_91_init) for lh001_91_init
    main.o(.text.main) refers to main.o(.data.reg) for reg
    main.o(.text.main) refers to lh001_91.o(.text.lh001_91_reg_dump) for lh001_91_reg_dump
    main.o(.text.main) refers to lh001_91.o(.text.lh001_91_adc_go) for lh001_91_adc_go
    main.o(.text.main) refers to lh001_91.o(.text.lh001_91_rdatac_start) for lh001_91_rdatac_start
    main.o(.text.main) refers to main.o(.bss.ecg_dat) for ecg_dat
    main.o(.text.main) refers to lh001_91.o(.text.lh001_91_adc_code2mv) for lh001_91_adc_code2mv
    main.o(.text.main) refers to f2d.o(.text) for __aeabi_f2d
    main.o(.text.main) refers to lh001_91.o(.text.lh001_91_read_regs) for lh001_91_read_regs
    main.o(.ARM.exidx.text.main) refers to main.o(.text.main) for [Anonymous Symbol]
    main.o(.text.EXTI4_15_IRQHandler) refers to gd32f3x0_exti.o(.text.exti_interrupt_flag_get) for exti_interrupt_flag_get
    main.o(.text.EXTI4_15_IRQHandler) refers to gd32f3x0_exti.o(.text.exti_interrupt_flag_clear) for exti_interrupt_flag_clear
    main.o(.text.EXTI4_15_IRQHandler) refers to main.o(.bss.ecg_dat) for ecg_dat
    main.o(.text.EXTI4_15_IRQHandler) refers to lh001_91.o(.text.lh001_91_read_data_nofifo) for lh001_91_read_data_nofifo
    main.o(.text.EXTI4_15_IRQHandler) refers to main.o(.bss.data_ready_flag) for data_ready_flag
    main.o(.ARM.exidx.text.EXTI4_15_IRQHandler) refers to main.o(.text.EXTI4_15_IRQHandler) for [Anonymous Symbol]
    lh001_91.o(.text.lh001_91_hw_reset) refers to spi_port.o(.text.stm_lh_delay_10us) for stm_lh_delay_10us
    lh001_91.o(.text.lh001_91_hw_reset) refers to lh001_91.o(.text.lh001_91_adc_stop) for lh001_91_adc_stop
    lh001_91.o(.text.lh001_91_hw_reset) refers to lh001_91.o(.text.lh001_91_rdatac_stop) for lh001_91_rdatac_stop
    lh001_91.o(.ARM.exidx.text.lh001_91_hw_reset) refers to lh001_91.o(.text.lh001_91_hw_reset) for [Anonymous Symbol]
    lh001_91.o(.text.lh001_91_adc_stop) refers to spi_port.o(.text.stm_lh_delay_10us) for stm_lh_delay_10us
    lh001_91.o(.text.lh001_91_adc_stop) refers to spi_port.o(.text.stm_lh_spi_txrx8bit) for stm_lh_spi_txrx8bit
    lh001_91.o(.ARM.exidx.text.lh001_91_adc_stop) refers to lh001_91.o(.text.lh001_91_adc_stop) for [Anonymous Symbol]
    lh001_91.o(.text.lh001_91_rdatac_stop) refers to spi_port.o(.text.stm_lh_delay_10us) for stm_lh_delay_10us
    lh001_91.o(.text.lh001_91_rdatac_stop) refers to spi_port.o(.text.stm_lh_spi_txrx8bit) for stm_lh_spi_txrx8bit
    lh001_91.o(.ARM.exidx.text.lh001_91_rdatac_stop) refers to lh001_91.o(.text.lh001_91_rdatac_stop) for [Anonymous Symbol]
    lh001_91.o(.text.lh001_91_adc_go) refers to spi_port.o(.text.stm_lh_delay_10us) for stm_lh_delay_10us
    lh001_91.o(.text.lh001_91_adc_go) refers to spi_port.o(.text.stm_lh_spi_txrx8bit) for stm_lh_spi_txrx8bit
    lh001_91.o(.ARM.exidx.text.lh001_91_adc_go) refers to lh001_91.o(.text.lh001_91_adc_go) for [Anonymous Symbol]
    lh001_91.o(.text.lh001_91_sw_reset) refers to spi_port.o(.text.stm_lh_delay_10us) for stm_lh_delay_10us
    lh001_91.o(.text.lh001_91_sw_reset) refers to spi_port.o(.text.stm_lh_spi_txrx8bit) for stm_lh_spi_txrx8bit
[...]
    Removing gd32f3x0_gpio.o(.text.gpio_bit_write), (38 bytes).
    Removing gd32f3x0_gpio.o(.ARM.exidx.text.gpio_bit_write), (8 bytes).
    Removing gd32f3x0_gpio.o(.text.gpio_port_write), (20 bytes).
    Removing gd32f3x0_gpio.o(.ARM.exidx.text.gpio_port_write), (8 bytes).
    Removing gd32f3x0_gpio.o(.text.gpio_input_bit_get), (42 bytes).
    Removing gd32f3x0_gpio.o(.ARM.exidx.text.gpio_input_bit_get), (8 bytes).
    Removing gd32f3x0_gpio.o(.text.gpio_input_port_get), (14 bytes).
    Removing gd32f3x0_gpio.o(.ARM.exidx.text.gpio_input_port_get), (8 bytes).
    Removing gd32f3x0_gpio.o(.text.gpio_output_bit_get), (42 bytes).
    Removing gd32f3x0_gpio.o(.ARM.exidx.text.gpio_output_bit_get), (8 bytes).
    Removing gd32f3x0_gpio.o(.text.gpio_output_port_get), (14 bytes).
    Removing gd32f3x0_gpio.o(.ARM.exidx.text.gpio_output_port_get), (8 bytes).
    Removing gd32f3x0_gpio.o(.ARM.exidx.text.gpio_af_set), (8 bytes).
    Removing gd32f3x0_gpio.o(.text.gpio_pin_lock), (54 bytes).
    Removing gd32f3x0_gpio.o(.ARM.exidx.text.gpio_pin_lock), (8 bytes).
    Removing gd32f3x0_gpio.o(.text.gpio_bit_toggle), (16 bytes).
    Removing gd32f3x0_gpio.o(.ARM.exidx.text.gpio_bit_toggle), (8 bytes).
    Removing gd32f3x0_gpio.o(.text.gpio_port_toggle), (16 bytes).
    Removing gd32f3x0_gpio.o(.ARM.exidx.text.gpio_port_toggle), (8 bytes).
    Removing gd32f3x0_spi.o(.text), (0 bytes).
    Removing gd32f3x0_spi.o(.ARM.exidx.text.spi_i2s_deinit), (8 bytes).
    Removing gd32f3x0_spi.o(.ARM.exidx.text.spi_struct_para_init), (8 bytes).
    Removing gd32f3x0_spi.o(.ARM.exidx.text.spi_init), (8 bytes).
    Removing gd32f3x0_spi.o(.ARM.exidx.text.spi_enable), (8 bytes).
    Removing gd32f3x0_spi.o(.text.spi_disable), (18 bytes).
    Removing gd32f3x0_spi.o(.ARM.exidx.text.spi_disable), (8 bytes).
    Removing gd32f3x0_spi.o(.text.spi_nss_output_enable), (18 bytes).
    Removing gd32f3x0_spi.o(.ARM.exidx.text.spi_nss_output_enable), (8 bytes).
    Removing gd32f3x0_spi.o(.text.spi_nss_output_disable), (18 bytes).
    Removing gd32f3x0_spi.o(.ARM.exidx.text.spi_nss_output_disable), (8 bytes).
    Removing gd32f3x0_spi.o(.text.spi_nss_internal_high), (18 bytes).
    Removing gd32f3x0_spi.o(.ARM.exidx.text.spi_nss_internal_high), (8 bytes).
    Removing gd32f3x0_spi.o(.text.spi_nss_internal_low), (18 bytes).
    Removing gd32f3x0_spi.o(.ARM.exidx.text.spi_nss_internal_low), (8 bytes).
    Removing gd32f3x0_spi.o(.text.spi_dma_enable), (44 bytes).
    Removing gd32f3x0_spi.o(.ARM.exidx.text.spi_dma_enable), (8 bytes).
    Removing gd32f3x0_spi.o(.text.spi_dma_disable), (44 bytes).
    Removing gd32f3x0_spi.o(.ARM.exidx.text.spi_dma_disable), (8 bytes).
    Removing gd32f3x0_spi.o(.text.spi_i2s_data_frame_format_config), (34 bytes).
    Removing gd32f3x0_spi.o(.ARM.exidx.text.spi_i2s_data_frame_format_config), (8 bytes).
    Removing gd32f3x0_spi.o(.ARM.exidx.text.spi_i2s_data_transmit), (8 bytes).
    Removing gd32f3x0_spi.o(.ARM.exidx.text.spi_i2s_data_receive), (8 bytes).
    Removing gd32f3x0_spi.o(.text.spi_bidirectional_transfer_config), (44 bytes).
    Removing gd32f3x0_spi.o(.ARM.exidx.text.spi_bidirectional_transfer_config), (8 bytes).
    Removing gd32f3x0_spi.o(.text.spi_crc_polynomial_set), (30 bytes).
    Removing gd32f3x0_spi.o(.ARM.exidx.text.spi_crc_polynomial_set), (8 bytes).
    Removing gd32f3x0_spi.o(.text.spi_crc_polynomial_get), (14 bytes).
    Removing gd32f3x0_spi.o(.ARM.exidx.text.spi_crc_polynomial_get), (8 bytes).
    Removing gd32f3x0_spi.o(.text.spi_crc_on), (18 bytes).
    Removing gd32f3x0_spi.o(.ARM.exidx.text.spi_crc_on), (8 bytes).
    Removing gd32f3x0_spi.o(.text.spi_crc_off), (18 bytes).
    Removing gd32f3x0_spi.o(.ARM.exidx.text.spi_crc_off), (8 bytes).
    Removing gd32f3x0_spi.o(.text.spi_crc_next), (18 bytes).
    Removing gd32f3x0_spi.o(.ARM.exidx.text.spi_crc_next), (8 bytes).
    Removing gd32f3x0_spi.o(.text.spi_crc_get), (44 bytes).
    Removing gd32f3x0_spi.o(.ARM.exidx.text.spi_crc_get), (8 bytes).
    Removing gd32f3x0_spi.o(.text.spi_ti_mode_enable), (18 bytes).
    Removing gd32f3x0_spi.o(.ARM.exidx.text.spi_ti_mode_enable), (8 bytes).
    Removing gd32f3x0_spi.o(.text.spi_ti_mode_disable), (18 bytes).
    Removing gd32f3x0_spi.o(.ARM.exidx.text.spi_ti_mode_disable), (8 bytes).
    Removing gd32f3x0_spi.o(.text.spi_nssp_mode_enable), (18 bytes).
    Removing gd32f3x0_spi.o(.ARM.exidx.text.spi_nssp_mode_enable), (8 bytes).
    Removing gd32f3x0_spi.o(.text.spi_nssp_mode_disable), (18 bytes).
    Removing gd32f3x0_spi.o(.ARM.exidx.text.spi_nssp_mode_disable), (8 bytes).
    Removing gd32f3x0_spi.o(.text.qspi_enable), (22 bytes).
    Removing gd32f3x0_spi.o(.ARM.exidx.text.qspi_enable), (8 bytes).
    Removing gd32f3x0_spi.o(.text.qspi_disable), (22 bytes).
    Removing gd32f3x0_spi.o(.ARM.exidx.text.qspi_disable), (8 bytes).
    Removing gd32f3x0_spi.o(.text.qspi_write_enable), (22 bytes).
    Removing gd32f3x0_spi.o(.ARM.exidx.text.qspi_write_enable), (8 bytes).
    Removing gd32f3x0_spi.o(.text.qspi_read_enable), (22 bytes).
    Removing gd32f3x0_spi.o(.ARM.exidx.text.qspi_read_enable), (8 bytes).
    Removing gd32f3x0_spi.o(.text.qspi_io23_output_enable), (22 bytes).
    Removing gd32f3x0_spi.o(.ARM.exidx.text.qspi_io23_output_enable), (8 bytes).
    Removing gd32f3x0_spi.o(.text.qspi_io23_output_disable), (22 bytes).
    Removing gd32f3x0_spi.o(.ARM.exidx.text.qspi_io23_output_disable), (8 bytes).
    Removing gd32f3x0_spi.o(.text.spi_i2s_interrupt_enable), (78 bytes).
    Removing gd32f3x0_spi.o(.ARM.exidx.text.spi_i2s_interrupt_enable), (8 bytes).
    Removing gd32f3x0_spi.o(.text.spi_i2s_interrupt_disable), (78 bytes).
    Removing gd32f3x0_spi.o(.ARM.exidx.text.spi_i2s_interrupt_disable), (8 bytes).
    Removing gd32f3x0_spi.o(.text.spi_i2s_interrupt_flag_get), (210 bytes).
    Removing gd32f3x0_spi.o(.ARM.exidx.text.spi_i2s_interrupt_flag_get), (8 bytes).
    Removing gd32f3x0_spi.o(.ARM.exidx.text.spi_i2s_flag_get), (8 bytes).
    Removing gd32f3x0_spi.o(.text.spi_crc_error_clear), (18 bytes).
    Removing gd32f3x0_spi.o(.ARM.exidx.text.spi_crc_error_clear), (8 bytes).
    Removing gd32f3x0_syscfg.o(.text), (0 bytes).
    Removing gd32f3x0_syscfg.o(.text.syscfg_deinit), (24 bytes).
    Removing gd32f3x0_syscfg.o(.ARM.exidx.text.syscfg_deinit), (8 bytes).
    Removing gd32f3x0_syscfg.o(.text.syscfg_dma_remap_enable), (22 bytes).
    Removing gd32f3x0_syscfg.o(.ARM.exidx.text.syscfg_dma_remap_enable), (8 bytes).
    Removing gd32f3x0_syscfg.o(.text.syscfg_dma_remap_disable), (22 bytes).
    Removing gd32f3x0_syscfg.o(.ARM.exidx.text.syscfg_dma_remap_disable), (8 bytes).
    Removing gd32f3x0_syscfg.o(.text.syscfg_high_current_enable), (16 bytes).
    Removing gd32f3x0_syscfg.o(.ARM.exidx.text.syscfg_high_current_enable), (8 bytes).
    Removing gd32f3x0_syscfg.o(.text.syscfg_high_current_disable), (16 bytes).
    Removing gd32f3x0_syscfg.o(.ARM.exidx.text.syscfg_high_current_disable), (8 bytes).
    Removing gd32f3x0_syscfg.o(.ARM.exidx.text.syscfg_exti_line_config), (8 bytes).
    Removing gd32f3x0_syscfg.o(.text.syscfg_lock_config), (22 bytes).
    Removing gd32f3x0_syscfg.o(.ARM.exidx.text.syscfg_lock_config), (8 bytes).
    Removing gd32f3x0_syscfg.o(.text.syscfg_flag_get), (44 bytes).
    Removing gd32f3x0_syscfg.o(.ARM.exidx.text.syscfg_flag_get), (8 bytes).
    Removing gd32f3x0_syscfg.o(.text.syscfg_flag_clear), (22 bytes).
    Removing gd32f3x0_syscfg.o(.ARM.exidx.text.syscfg_flag_clear), (8 bytes).
    Removing gd32f3x0_syscfg.o(.text.syscfg_compensation_config), (34 bytes).
    Removing gd32f3x0_syscfg.o(.ARM.exidx.text.syscfg_compensation_config), (8 bytes).
    Removing gd32f3x0_syscfg.o(.text.syscfg_cps_rdy_flag_get), (42 bytes).
    Removing gd32f3x0_syscfg.o(.ARM.exidx.text.syscfg_cps_rdy_flag_get), (8 bytes).
    Removing gd32f3x0_timer.o(.text), (0 bytes).
    Removing gd32f3x0_timer.o(.text.timer_deinit), (246 bytes).
    Removing gd32f3x0_timer.o(.ARM.exidx.text.timer_deinit), (8 bytes).
    Removing gd32f3x0_timer.o(.text.timer_struct_para_init), (38 bytes).
    Removing gd32f3x0_timer.o(.ARM.exidx.text.timer_struct_para_init), (8 bytes).
    Removing gd32f3x0_timer.o(.text.timer_init), (318 bytes).
    Removing gd32f3x0_timer.o(.ARM.exidx.text.timer_init), (8 bytes).
    Removing gd32f3x0_timer.o(.text.timer_enable), (18 bytes).
    Removing gd32f3x0_timer.o(.ARM.exidx.text.timer_enable), (8 bytes).
    Removing gd32f3x0_timer.o(.text.timer_disable), (18 bytes).
    Removing gd32f3x0_timer.o(.ARM.exidx.text.timer_disable), (8 bytes).
    Removing gd32f3x0_timer.o(.text.timer_auto_reload_shadow_enable), (18 bytes).
    Removing gd32f3x0_timer.o(.ARM.exidx.text.timer_auto_reload_shadow_enable), (8 bytes).
    Removing gd32f3x0_timer.o(.text.timer_auto_reload_shadow_disable), (18 bytes).
    Removing gd32f3x0_timer.o(.ARM.exidx.text.timer_auto_reload_shadow_disable), (8 bytes).
    Removing gd32f3x0_timer.o(.text.timer_update_event_enable), (18 bytes).
    Removing gd32f3x0_timer.o(.ARM.exidx.text.timer_update_event_enable), (8 bytes).
    Removing gd32f3x0_timer.o(.text.timer_update_event_disable), (18 bytes).
    Removing gd32f3x0_timer.o(.ARM.exidx.text.timer_update_event_disable), (8 bytes).
    Removing gd32f3x0_timer.o(.text.timer_counter_alignment), (34 bytes).
    Removing gd32f3x0_timer.o(.ARM.exidx.text.timer_counter_alignment), (8 bytes).
    Removing gd32f3x0_timer.o(.text.timer_counter_up_direction), (18 bytes).
    Removing gd32f3x0_timer.o(.ARM.exidx.text.timer_counter_up_direction), (8 bytes).
    Removing gd32f3x0_timer.o(.text.timer_counter_down_direction), (18 bytes).
    Removing gd32f3x0_timer.o(.ARM.exidx.text.timer_counter_down_direction), (8 bytes).
    Removing gd32f3x0_timer.o(.text.timer_prescaler_config), (44 bytes).
    Removing gd32f3x0_timer.o(.ARM.exidx.text.timer_prescaler_config), (8 bytes).
    Removing gd32f3x0_timer.o(.text.timer_repetition_value_config), (20 bytes).
    Removing gd32f3x0_timer.o(.ARM.exidx.text.timer_repetition_value_config), (8 bytes).
    Removing gd32f3x0_timer.o(.text.timer_autoreload_value_config), (16 bytes).
    Removing gd32f3x0_timer.o(.ARM.exidx.text.timer_autoreload_value_config), (8 bytes).
    Removing gd32f3x0_timer.o(.text.timer_counter_value_config), (16 bytes).
    Removing gd32f3x0_timer.o(.ARM.exidx.text.timer_counter_value_config), (8 bytes).
    Removing gd32f3x0_timer.o(.text.timer_counter_read), (20 bytes).
    Removing gd32f3x0_timer.o(.ARM.exidx.text.timer_counter_read), (8 bytes).
    Removing gd32f3x0_timer.o(.text.timer_prescaler_read), (26 bytes).
    Removing gd32f3x0_timer.o(.ARM.exidx.text.timer_prescaler_read), (8 bytes).
    Removing gd32f3x0_timer.o(.text.timer_single_pulse_mode_config), (58 bytes).
    Removing gd32f3x0_timer.o(.ARM.exidx.text.timer_single_pulse_mode_config), (8 bytes).
    Removing gd32f3x0_timer.o(.text.timer_update_source_config), (58 bytes).
    Removing gd32f3x0_timer.o(.ARM.exidx.text.timer_update_source_config), (8 bytes).
    Removing gd32f3x0_timer.o(.text.timer_ocpre_clear_source_config), (58 bytes).
    Removing gd32f3x0_timer.o(.ARM.exidx.text.timer_ocpre_clear_source_config), (8 bytes).
    Removing gd32f3x0_timer.o(.text.timer_interrupt_enable), (20 bytes).
    Removing gd32f3x0_timer.o(.ARM.exidx.text.timer_interrupt_enable), (8 bytes).
    Removing gd32f3x0_timer.o(.text.timer_interrupt_disable), (20 bytes).
    Removing gd32f3x0_timer.o(.ARM.exidx.text.timer_interrupt_disable), (8 bytes).
    Removing gd32f3x0_timer.o(.text.timer_interrupt_flag_get), (58 bytes).
    Removing gd32f3x0_timer.o(.ARM.exidx.text.timer_interrupt_flag_get), (8 bytes).
    Removing gd32f3x0_timer.o(.text.timer_interrupt_flag_clear), (18 bytes).
    Removing gd32f3x0_timer.o(.ARM.exidx.text.timer_interrupt_flag_clear), (8 bytes).
    Removing gd32f3x0_timer.o(.text.timer_flag_get), (42 bytes).
    Removing gd32f3x0_timer.o(.ARM.exidx.text.timer_flag_get), (8 bytes).
    Removing gd32f3x0_timer.o(.text.timer_flag_clear), (18 bytes).
    Removing gd32f3x0_timer.o(.ARM.exidx.text.timer_flag_clear), (8 bytes).
    Removing gd32f3x0_timer.o(.text.timer_dma_enable), (24 bytes).
    Removing gd32f3x0_timer.o(.ARM.exidx.text.timer_dma_enable), (8 bytes).
    Removing gd32f3x0_timer.o(.text.timer_dma_disable), (24 bytes).
    Removing gd32f3x0_timer.o(.ARM.exidx.text.timer_dma_disable), (8 bytes).
    Removing gd32f3x0_timer.o(.text.timer_channel_dma_request_source_select), (58 bytes).
    Removing gd32f3x0_timer.o(.ARM.exidx.text.timer_channel_dma_request_source_select), (8 bytes).
    Removing gd32f3x0_timer.o(.text.timer_dma_transfer_config), (40 bytes).
    Removing gd32f3x0_timer.o(.ARM.exidx.text.timer_dma_transfer_config), (8 bytes).
    Removing gd32f3x0_timer.o(.text.timer_event_software_generate), (24 bytes).
    Removing gd32f3x0_timer.o(.ARM.exidx.text.timer_event_software_generate), (8 bytes).
    Removing gd32f3x0_timer.o(.text.timer_break_struct_para_init), (38 bytes).
    Removing gd32f3x0_timer.o(.ARM.exidx.text.timer_break_struct_para_init), (8 bytes).
    Removing gd32f3x0_timer.o(.text.timer_break_config), (54 bytes).
    Removing gd32f3x0_timer.o(.ARM.exidx.text.timer_break_config), (8 bytes).
    Removing gd32f3x0_timer.o(.text.timer_break_enable), (18 bytes).
    Removing gd32f3x0_timer.o(.ARM.exidx.text.timer_break_enable), (8 bytes).
    Removing gd32f3x0_timer.o(.text.timer_break_disable), (18 bytes).
    Removing gd32f3x0_timer.o(.ARM.exidx.text.timer_break_disable), (8 bytes).
    Removing gd32f3x0_timer.o(.text.timer_automatic_output_enable), (18 bytes).
    Removing gd32f3x0_timer.o(.ARM.exidx.text.timer_automatic_output_enable), (8 bytes).
    Removing gd32f3x0_timer.o(.text.timer_automatic_output_disable), (18 bytes).
    Removing gd32f3x0_timer.o(.ARM.exidx.text.timer_automatic_output_disable), (8 bytes).
    Removing gd32f3x0_timer.o(.text.timer_primary_output_config), (46 bytes).
    Removing gd32f3x0_timer.o(.ARM.exidx.text.timer_primary_output_config), (8 bytes).
    Removing gd32f3x0_timer.o(.text.timer_channel_control_shadow_config), (46 bytes).
    Removing gd32f3x0_timer.o(.ARM.exidx.text.timer_channel_control_shadow_config), (8 bytes).
    Removing gd32f3x0_timer.o(.text.timer_channel_control_shadow_update_config), (58 bytes).
    Removing gd32f3x0_timer.o(.ARM.exidx.text.timer_channel_control_shadow_update_config), (8 bytes).
    Removing gd32f3x0_timer.o(.text.timer_channel_output_struct_para_init), (34 bytes).
    Removing gd32f3x0_timer.o(.ARM.exidx.text.timer_channel_output_struct_para_init), (8 bytes).
    Removing gd32f3x0_timer.o(.text.timer_channel_output_config), (746 bytes).
    Removing gd32f3x0_timer.o(.ARM.exidx.text.timer_channel_output_config), (8 bytes).
    Removing gd32f3x0_timer.o(.text.timer_channel_output_mode_config), (140 bytes).
    Removing gd32f3x0_timer.o(.ARM.exidx.text.timer_channel_output_mode_config), (8 bytes).
    Removing gd32f3x0_timer.o(.text.timer_channel_output_pulse_value_config), (70 bytes).
    Removing gd32f3x0_timer.o(.ARM.exidx.text.timer_channel_output_pulse_value_config), (8 bytes).
    Removing gd32f3x0_timer.o(.text.timer_channel_output_shadow_config), (140 bytes).
    Removing gd32f3x0_timer.o(.ARM.exidx.text.timer_channel_output_shadow_config), (8 bytes).
    Removing gd32f3x0_timer.o(.text.timer_channel_output_fast_config), (140 bytes).
    Removing gd32f3x0_timer.o(.ARM.exidx.text.timer_channel_output_fast_config), (8 bytes).
    Removing gd32f3x0_timer.o(.text.timer_channel_output_clear_config), (140 bytes).
    Removing gd32f3x0_timer.o(.ARM.exidx.text.timer_channel_output_clear_config), (8 bytes).
    Removing gd32f3x0_timer.o(.text.timer_channel_output_polarity_config), (142 bytes).
    Removing gd32f3x0_timer.o(.ARM.exidx.text.timer_channel_output_polarity_config), (8 bytes).
    Removing gd32f3x0_timer.o(.text.timer_channel_complementary_output_polarity_config), (142 bytes).
    Removing gd32f3x0_timer.o(.ARM.exidx.text.timer_channel_complementary_output_polarity_config), (8 bytes).
    Removing gd32f3x0_timer.o(.text.timer_channel_output_state_config), (132 bytes).
    Removing gd32f3x0_timer.o(.ARM.exidx.text.timer_channel_output_state_config), (8 bytes).
    Removing gd32f3x0_timer.o(.text.timer_channel_complementary_output_state_config), (122 bytes).
    Removing gd32f3x0_timer.o(.ARM.exidx.text.timer_channel_complementary_output_state_config), (8 bytes).
    Removing gd32f3x0_timer.o(.text.timer_channel_input_struct_para_init), (28 bytes).
    Removing gd32f3x0_timer.o(.ARM.exidx.text.timer_channel_input_struct_para_init), (8 bytes).
    Removing gd32f3x0_timer.o(.text.timer_input_capture_config), (426 bytes).
    Removing gd32f3x0_timer.o(.ARM.exidx.text.timer_input_capture_config), (8 bytes).
    Removing gd32f3x0_timer.o(.text.timer_channel_input_capture_prescaler_config), (140 bytes).
    Removing gd32f3x0_timer.o(.ARM.exidx.text.timer_channel_input_capture_prescaler_config), (8 bytes).
    Removing gd32f3x0_timer.o(.text.timer_channel_capture_value_register_read), (74 bytes).
    Removing gd32f3x0_timer.o(.ARM.exidx.text.timer_channel_capture_value_register_read), (8 bytes).
    Removing gd32f3x0_timer.o(.text.timer_input_pwm_capture_config), (498 bytes).
    Removing gd32f3x0_timer.o(.ARM.exidx.text.timer_input_pwm_capture_config), (8 bytes).
    Removing gd32f3x0_timer.o(.text.timer_hall_mode_config), (58 bytes).
    Removing gd32f3x0_timer.o(.ARM.exidx.text.timer_hall_mode_config), (8 bytes).
    Removing gd32f3x0_timer.o(.text.timer_input_trigger_source_select), (30 bytes).
    Removing gd32f3x0_timer.o(.ARM.exidx.text.timer_input_trigger_source_select), (8 bytes).
    Removing gd32f3x0_timer.o(.text.timer_master_output_trigger_source_select), (30 bytes).
    Removing gd32f3x0_timer.o(.ARM.exidx.text.timer_master_output_trigger_source_select), (8 bytes).
    Removing gd32f3x0_timer.o(.text.timer_slave_mode_select), (30 bytes).
    Removing gd32f3x0_timer.o(.ARM.exidx.text.timer_slave_mode_select), (8 bytes).
    Removing gd32f3x0_timer.o(.text.timer_master_slave_mode_config), (58 bytes).
    Removing gd32f3x0_timer.o(.ARM.exidx.text.timer_master_slave_mode_config), (8 bytes).
    Removing gd32f3x0_timer.o(.text.timer_external_trigger_config), (52 bytes).
    Removing gd32f3x0_timer.o(.ARM.exidx.text.timer_external_trigger_config), (8 bytes).
    Removing gd32f3x0_timer.o(.text.timer_quadrature_decoder_mode_config), (102 bytes).
    Removing gd32f3x0_timer.o(.ARM.exidx.text.timer_quadrature_decoder_mode_config), (8 bytes).
    Removing gd32f3x0_timer.o(.text.timer_internal_clock_config), (18 bytes).
    Removing gd32f3x0_timer.o(.ARM.exidx.text.timer_internal_clock_config), (8 bytes).
    Removing gd32f3x0_timer.o(.text.timer_internal_trigger_as_external_clock_config), (40 bytes).
    Removing gd32f3x0_timer.o(.ARM.exidx.text.timer_internal_trigger_as_external_clock_config), (8 bytes).
    Removing gd32f3x0_timer.o(.text.timer_external_trigger_as_external_clock_config), (228 bytes).
    Removing gd32f3x0_timer.o(.ARM.exidx.text.timer_external_trigger_as_external_clock_config), (8 bytes).
    Removing gd32f3x0_timer.o(.text.timer_external_clock_mode0_config), (48 bytes).
    Removing gd32f3x0_timer.o(.ARM.exidx.text.timer_external_clock_mode0_config), (8 bytes).
    Removing gd32f3x0_timer.o(.text.timer_external_clock_mode1_config), (38 bytes).
    Removing gd32f3x0_timer.o(.ARM.exidx.text.timer_external_clock_mode1_config), (8 bytes).
    Removing gd32f3x0_timer.o(.text.timer_external_clock_mode1_disable), (18 bytes).
    Removing gd32f3x0_timer.o(.ARM.exidx.text.timer_external_clock_mode1_disable), (8 bytes).
    Removing gd32f3x0_timer.o(.text.timer_channel_remap_config), (16 bytes).
    Removing gd32f3x0_timer.o(.ARM.exidx.text.timer_channel_remap_config), (8 bytes).
    Removing gd32f3x0_timer.o(.text.timer_write_chxval_register_config), (66 bytes).
    Removing gd32f3x0_timer.o(.ARM.exidx.text.timer_write_chxval_register_config), (8 bytes).
    Removing gd32f3x0_timer.o(.text.timer_output_value_selection_config), (66 bytes).
    Removing gd32f3x0_timer.o(.ARM.exidx.text.timer_output_value_selection_config), (8 bytes).
    Removing gd32f3x0_usart.o(.text), (0 bytes).
    Removing gd32f3x0_usart.o(.ARM.exidx.text.usart_deinit), (8 bytes).
    Removing gd32f3x0_usart.o(.ARM.exidx.text.usart_baudrate_set), (8 bytes).
    Removing gd32f3x0_usart.o(.ARM.exidx.text.usart_parity_config), (8 bytes).
    Removing gd32f3x0_usart.o(.ARM.exidx.text.usart_word_length_set), (8 bytes).
    Removing gd32f3x0_usart.o(.ARM.exidx.text.usart_stop_bit_set), (8 bytes).
    Removing gd32f3x0_usart.o(.ARM.exidx.text.usart_enable), (8 bytes).
    Removing gd32f3x0_usart.o(.text.usart_disable), (18 bytes).
    Removing gd32f3x0_usart.o(.ARM.exidx.text.usart_disable), (8 bytes).
    Removing gd32f3x0_usart.o(.ARM.exidx.text.usart_transmit_config), (8 bytes).
    Removing gd32f3x0_usart.o(.ARM.exidx.text.usart_receive_config), (8 bytes).
    Removing gd32f3x0_usart.o(.text.usart_data_first_config), (44 bytes).
    Removing gd32f3x0_usart.o(.ARM.exidx.text.usart_data_first_config), (8 bytes).
    Removing gd32f3x0_usart.o(.text.usart_invert_config), (146 bytes).
    Removing gd32f3x0_usart.o(.ARM.exidx.text.usart_invert_config), (8 bytes).
    Removing gd32f3x0_usart.o(.text.usart_overrun_enable), (28 bytes).
    Removing gd32f3x0_usart.o(.ARM.exidx.text.usart_overrun_enable), (8 bytes).
    Removing gd32f3x0_usart.o(.text.usart_overrun_disable), (28 bytes).
    Removing gd32f3x0_usart.o(.ARM.exidx.text.usart_overrun_disable), (8 bytes).
    Removing gd32f3x0_usart.o(.text.usart_oversample_config), (40 bytes).
    Removing gd32f3x0_usart.o(.ARM.exidx.text.usart_oversample_config), (8 bytes).
    Removing gd32f3x0_usart.o(.text.usart_sample_bit_config), (40 bytes).
    Removing gd32f3x0_usart.o(.ARM.exidx.text.usart_sample_bit_config), (8 bytes).
    Removing gd32f3x0_usart.o(.text.usart_receiver_timeout_enable), (18 bytes).
    Removing gd32f3x0_usart.o(.ARM.exidx.text.usart_receiver_timeout_enable), (8 bytes).
    Removing gd32f3x0_usart.o(.text.usart_receiver_timeout_disable), (18 bytes).
    Removing gd32f3x0_usart.o(.ARM.exidx.text.usart_receiver_timeout_disable), (8 bytes).
    Removing gd32f3x0_usart.o(.text.usart_receiver_timeout_threshold_config), (30 bytes).
    Removing gd32f3x0_usart.o(.ARM.exidx.text.usart_receiver_timeout_threshold_config), (8 bytes).
    Removing gd32f3x0_usart.o(.ARM.exidx.text.usart_data_transmit), (8 bytes).
    Removing gd32f3x0_usart.o(.text.usart_data_receive), (16 bytes).
    Removing gd32f3x0_usart.o(.ARM.exidx.text.usart_data_receive), (8 bytes).
    Removing gd32f3x0_usart.o(.text.usart_autobaud_detection_enable), (18 bytes).
    Removing gd32f3x0_usart.o(.ARM.exidx.text.usart_autobaud_detection_enable), (8 bytes).
    Removing gd32f3x0_usart.o(.text.usart_autobaud_detection_disable), (18 bytes).
    Removing gd32f3x0_usart.o(.ARM.exidx.text.usart_autobaud_detection_disable), (8 bytes).
    Removing gd32f3x0_usart.o(.text.usart_autobaud_detection_mode_config), (30 bytes).
    Removing gd32f3x0_usart.o(.ARM.exidx.text.usart_autobaud_detection_mode_config), (8 bytes).
    Removing gd32f3x0_usart.o(.text.usart_address_config), (46 bytes).
    Removing gd32f3x0_usart.o(.ARM.exidx.text.usart_address_config), (8 bytes).
    Removing gd32f3x0_usart.o(.text.usart_address_detection_mode_config), (44 bytes).
    Removing gd32f3x0_usart.o(.ARM.exidx.text.usart_address_detection_mode_config), (8 bytes).
    Removing gd32f3x0_usart.o(.text.usart_mute_mode_enable), (18 bytes).
    Removing gd32f3x0_usart.o(.ARM.exidx.text.usart_mute_mode_enable), (8 bytes).
    Removing gd32f3x0_usart.o(.text.usart_mute_mode_disable), (18 bytes).
    Removing gd32f3x0_usart.o(.ARM.exidx.text.usart_mute_mode_disable), (8 bytes).
    Removing gd32f3x0_usart.o(.text.usart_mute_mode_wakeup_config), (40 bytes).
    Removing gd32f3x0_usart.o(.ARM.exidx.text.usart_mute_mode_wakeup_config), (8 bytes).
    Removing gd32f3x0_usart.o(.text.usart_lin_mode_enable), (28 bytes).
    Removing gd32f3x0_usart.o(.ARM.exidx.text.usart_lin_mode_enable), (8 bytes).
    Removing gd32f3x0_usart.o(.text.usart_lin_mode_disable), (28 bytes).
    Removing gd32f3x0_usart.o(.ARM.exidx.text.usart_lin_mode_disable), (8 bytes).
    Removing gd32f3x0_usart.o(.text.usart_lin_break_detection_length_config), (44 bytes).
    Removing gd32f3x0_usart.o(.ARM.exidx.text.usart_lin_break_detection_length_config), (8 bytes).
    Removing gd32f3x0_usart.o(.text.usart_halfduplex_enable), (28 bytes).
    Removing gd32f3x0_usart.o(.ARM.exidx.text.usart_halfduplex_enable), (8 bytes).
    Removing gd32f3x0_usart.o(.text.usart_halfduplex_disable), (28 bytes).
    Removing gd32f3x0_usart.o(.ARM.exidx.text.usart_halfduplex_disable), (8 bytes).
    Removing gd32f3x0_usart.o(.text.usart_clock_enable), (28 bytes).
    Removing gd32f3x0_usart.o(.ARM.exidx.text.usart_clock_enable), (8 bytes).
    Removing gd32f3x0_usart.o(.text.usart_clock_disable), (28 bytes).
    Removing gd32f3x0_usart.o(.ARM.exidx.text.usart_clock_disable), (8 bytes).
    Removing gd32f3x0_usart.o(.text.usart_synchronous_clock_config), (76 bytes).
    Removing gd32f3x0_usart.o(.ARM.exidx.text.usart_synchronous_clock_config), (8 bytes).
    Removing gd32f3x0_usart.o(.text.usart_guard_time_config), (44 bytes).
    Removing gd32f3x0_usart.o(.ARM.exidx.text.usart_guard_time_config), (8 bytes).
    Removing gd32f3x0_usart.o(.text.usart_smartcard_mode_enable), (28 bytes).
    Removing gd32f3x0_usart.o(.ARM.exidx.text.usart_smartcard_mode_enable), (8 bytes).
    Removing gd32f3x0_usart.o(.text.usart_smartcard_mode_disable), (28 bytes).
    Removing gd32f3x0_usart.o(.ARM.exidx.text.usart_smartcard_mode_disable), (8 bytes).
    Removing gd32f3x0_usart.o(.text.usart_smartcard_mode_nack_enable), (28 bytes).
    Removing gd32f3x0_usart.o(.ARM.exidx.text.usart_smartcard_mode_nack_enable), (8 bytes).
    Removing gd32f3x0_usart.o(.text.usart_smartcard_mode_nack_disable), (28 bytes).
    Removing gd32f3x0_usart.o(.ARM.exidx.text.usart_smartcard_mode_nack_disable), (8 bytes).
    Removing gd32f3x0_usart.o(.text.usart_smartcard_mode_early_nack_enable), (22 bytes).
    Removing gd32f3x0_usart.o(.ARM.exidx.text.usart_smartcard_mode_early_nack_enable), (8 bytes).
    Removing gd32f3x0_usart.o(.text.usart_smartcard_mode_early_nack_disable), (22 bytes).
    Removing gd32f3x0_usart.o(.ARM.exidx.text.usart_smartcard_mode_early_nack_disable), (8 bytes).
    Removing gd32f3x0_usart.o(.text.usart_smartcard_autoretry_config), (46 bytes).
    Removing gd32f3x0_usart.o(.ARM.exidx.text.usart_smartcard_autoretry_config), (8 bytes).
    Removing gd32f3x0_usart.o(.text.usart_block_length_config), (32 bytes).
    Removing gd32f3x0_usart.o(.ARM.exidx.text.usart_block_length_config), (8 bytes).
    Removing gd32f3x0_usart.o(.text.usart_irda_mode_enable), (28 bytes).
    Removing gd32f3x0_usart.o(.ARM.exidx.text.usart_irda_mode_enable), (8 bytes).
    Removing gd32f3x0_usart.o(.text.usart_irda_mode_disable), (28 bytes).
    Removing gd32f3x0_usart.o(.ARM.exidx.text.usart_irda_mode_disable), (8 bytes).
    Removing gd32f3x0_usart.o(.text.usart_prescaler_config), (40 bytes).
    Removing gd32f3x0_usart.o(.ARM.exidx.text.usart_prescaler_config), (8 bytes).
    Removing gd32f3x0_usart.o(.text.usart_irda_lowpower_config), (44 bytes).
    Removing gd32f3x0_usart.o(.ARM.exidx.text.usart_irda_lowpower_config), (8 bytes).
    Removing gd32f3x0_usart.o(.text.usart_hardware_flow_rts_config), (40 bytes).
    Removing gd32f3x0_usart.o(.ARM.exidx.text.usart_hardware_flow_rts_config), (8 bytes).
    Removing gd32f3x0_usart.o(.text.usart_hardware_flow_cts_config), (40 bytes).
    Removing gd32f3x0_usart.o(.ARM.exidx.text.usart_hardware_flow_cts_config), (8 bytes).
    Removing gd32f3x0_usart.o(.text.usart_rs485_driver_enable), (28 bytes).
    Removing gd32f3x0_usart.o(.ARM.exidx.text.usart_rs485_driver_enable), (8 bytes).
    Removing gd32f3x0_usart.o(.text.usart_rs485_driver_disable), (28 bytes).
    Removing gd32f3x0_usart.o(.ARM.exidx.text.usart_rs485_driver_disable), (8 bytes).
    Removing gd32f3x0_usart.o(.text.usart_driver_assertime_config), (46 bytes).
    Removing gd32f3x0_usart.o(.ARM.exidx.text.usart_driver_assertime_config), (8 bytes).
    Removing gd32f3x0_usart.o(.text.usart_driver_deassertime_config), (46 bytes).
    Removing gd32f3x0_usart.o(.ARM.exidx.text.usart_driver_deassertime_config), (8 bytes).
    Removing gd32f3x0_usart.o(.text.usart_depolarity_config), (44 bytes).
    Removing gd32f3x0_usart.o(.ARM.exidx.text.usart_depolarity_config), (8 bytes).
    Removing gd32f3x0_usart.o(.text.usart_dma_receive_config), (30 bytes).
    Removing gd32f3x0_usart.o(.ARM.exidx.text.usart_dma_receive_config), (8 bytes).
    Removing gd32f3x0_usart.o(.text.usart_dma_transmit_config), (30 bytes).
    Removing gd32f3x0_usart.o(.ARM.exidx.text.usart_dma_transmit_config), (8 bytes).
    Removing gd32f3x0_usart.o(.text.usart_reception_error_dma_disable), (28 bytes).
    Removing gd32f3x0_usart.o(.ARM.exidx.text.usart_reception_error_dma_disable), (8 bytes).
    Removing gd32f3x0_usart.o(.text.usart_reception_error_dma_enable), (28 bytes).
    Removing gd32f3x0_usart.o(.ARM.exidx.text.usart_reception_error_dma_enable), (8 bytes).
    Removing gd32f3x0_usart.o(.text.usart_wakeup_enable), (18 bytes).
    Removing gd32f3x0_usart.o(.ARM.exidx.text.usart_wakeup_enable), (8 bytes).
    Removing gd32f3x0_usart.o(.text.usart_wakeup_disable), (18 bytes).
    Removing gd32f3x0_usart.o(.ARM.exidx.text.usart_wakeup_disable), (8 bytes).
    Removing gd32f3x0_usart.o(.text.usart_wakeup_mode_config), (44 bytes).
    Removing gd32f3x0_usart.o(.ARM.exidx.text.usart_wakeup_mode_config), (8 bytes).
    Removing gd32f3x0_usart.o(.text.usart_command_enable), (20 bytes).
    Removing gd32f3x0_usart.o(.ARM.exidx.text.usart_command_enable), (8 bytes).
    Removing gd32f3x0_usart.o(.text.usart_receive_fifo_enable), (22 bytes).
    Removing gd32f3x0_usart.o(.ARM.exidx.text.usart_receive_fifo_enable), (8 bytes).
    Removing gd32f3x0_usart.o(.text.usart_receive_fifo_disable), (22 bytes).
    Removing gd32f3x0_usart.o(.ARM.exidx.text.usart_receive_fifo_disable), (8 bytes).
    Removing gd32f3x0_usart.o(.text.usart_receive_fifo_counter_number), (18 bytes).
    Removing gd32f3x0_usart.o(.ARM.exidx.text.usart_receive_fifo_counter_number), (8 bytes).
    Removing gd32f3x0_usart.o(.ARM.exidx.text.usart_flag_get), (8 bytes).
    Removing gd32f3x0_usart.o(.text.usart_flag_clear), (34 bytes).
    Removing gd32f3x0_usart.o(.ARM.exidx.text.usart_flag_clear), (8 bytes).
    Removing gd32f3x0_usart.o(.text.usart_interrupt_enable), (36 bytes).
    Removing gd32f3x0_usart.o(.ARM.exidx.text.usart_interrupt_enable), (8 bytes).
    Removing gd32f3x0_usart.o(.text.usart_interrupt_disable), (36 bytes).
    Removing gd32f3x0_usart.o(.ARM.exidx.text.usart_interrupt_disable), (8 bytes).
    Removing gd32f3x0_usart.o(.text.usart_interrupt_flag_get), (94 bytes).
    Removing gd32f3x0_usart.o(.ARM.exidx.text.usart_interrupt_flag_get), (8 bytes).
    Removing gd32f3x0_usart.o(.text.usart_interrupt_flag_clear), (64 bytes).
    Removing gd32f3x0_usart.o(.ARM.exidx.text.usart_interrupt_flag_clear), (8 bytes).
    Removing spi_port.o(.text), (0 bytes).
    Removing spi_port.o(.ARM.exidx.text.stm_lh_spi_init), (8 bytes).
    Removing spi_port.o(.ARM.exidx.text.stm_lh_spi_txrx8bit), (8 bytes).
    Removing spi_port.o(.ARM.exidx.text.stm_lh_delay_10us), (8 bytes).
    Removing uart_print.o(.text), (0 bytes).
    Removing uart_print.o(.ARM.exidx.text.debug_pin_init), (8 bytes).
    Removing uart_print.o(.text.debug_pin_set), (12 bytes).
    Removing uart_print.o(.ARM.exidx.text.debug_pin_set), (8 bytes).
    Removing uart_print.o(.text.debug_pin_clr), (12 bytes).
    Removing uart_print.o(.ARM.exidx.text.debug_pin_clr), (8 bytes).
    Removing uart_print.o(.text.debug_pin_toggle), (12 bytes).
    Removing uart_print.o(.ARM.exidx.text.debug_pin_toggle), (8 bytes).
    Removing uart_print.o(.ARM.exidx.text.uart_print_init), (8 bytes).
    Removing uart_print.o(.ARM.exidx.text.fputc), (8 bytes).
    Removing gd32f3x0_misc.o(.text), (0 bytes).
    Removing gd32f3x0_misc.o(.ARM.exidx.text.nvic_priority_group_set), (8 bytes).
    Removing gd32f3x0_misc.o(.ARM.exidx.text.nvic_irq_enable), (8 bytes).
    Removing gd32f3x0_misc.o(.text.nvic_irq_disable), (40 bytes).
    Removing gd32f3x0_misc.o(.ARM.exidx.text.nvic_irq_disable), (8 bytes).
    Removing gd32f3x0_misc.o(.ARM.exidx.text.nvic_vector_table_set), (8 bytes).
    Removing gd32f3x0_misc.o(.text.system_lowpower_set), (28 bytes).
    Removing gd32f3x0_misc.o(.ARM.exidx.text.system_lowpower_set), (8 bytes).
    Removing gd32f3x0_misc.o(.text.system_lowpower_reset), (28 bytes).
    Removing gd32f3x0_misc.o(.ARM.exidx.text.system_lowpower_reset), (8 bytes).
    Removing gd32f3x0_misc.o(.text.systick_clksource_set), (52 bytes).
    Removing gd32f3x0_misc.o(.ARM.exidx.text.systick_clksource_set), (8 bytes).
    Removing gd32f3x0_rcu.o(.text), (0 bytes).
    Removing gd32f3x0_rcu.o(.text.rcu_deinit), (206 bytes).
    Removing gd32f3x0_rcu.o(.ARM.exidx.text.rcu_deinit), (8 bytes).
    Removing gd32f3x0_rcu.o(.ARM.exidx.text.rcu_periph_clock_enable), (8 bytes).
    Removing gd32f3x0_rcu.o(.text.rcu_periph_clock_disable), (40 bytes).
    Removing gd32f3x0_rcu.o(.ARM.exidx.text.rcu_periph_clock_disable), (8 bytes).
    Removing gd32f3x0_rcu.o(.text.rcu_periph_clock_sleep_enable), (40 bytes).
    Removing gd32f3x0_rcu.o(.ARM.exidx.text.rcu_periph_clock_sleep_enable), (8 bytes).
    Removing gd32f3x0_rcu.o(.text.rcu_periph_clock_sleep_disable), (40 bytes).
    Removing gd32f3x0_rcu.o(.ARM.exidx.text.rcu_periph_clock_sleep_disable), (8 bytes).
    Removing gd32f3x0_rcu.o(.ARM.exidx.text.rcu_periph_reset_enable), (8 bytes).
    Removing gd32f3x0_rcu.o(.ARM.exidx.text.rcu_periph_reset_disable), (8 bytes).
    Removing gd32f3x0_rcu.o(.text.rcu_bkp_reset_enable), (18 bytes).
    Removing gd32f3x0_rcu.o(.ARM.exidx.text.rcu_bkp_reset_enable), (8 bytes).
    Removing gd32f3x0_rcu.o(.text.rcu_bkp_reset_disable), (18 bytes).
    Removing gd32f3x0_rcu.o(.ARM.exidx.text.rcu_bkp_reset_disable), (8 bytes).
    Removing gd32f3x0_rcu.o(.text.rcu_system_clock_source_config), (40 bytes).
    Removing gd32f3x0_rcu.o(.ARM.exidx.text.rcu_system_clock_source_config), (8 bytes).
    Removing gd32f3x0_rcu.o(.text.rcu_system_clock_source_get), (16 bytes).
    Removing gd32f3x0_rcu.o(.ARM.exidx.text.rcu_system_clock_source_get), (8 bytes).
    Removing gd32f3x0_rcu.o(.text.rcu_ahb_clock_config), (40 bytes).
    Removing gd32f3x0_rcu.o(.ARM.exidx.text.rcu_ahb_clock_config), (8 bytes).
    Removing gd32f3x0_rcu.o(.text.rcu_apb1_clock_config), (40 bytes).
    Removing gd32f3x0_rcu.o(.ARM.exidx.text.rcu_apb1_clock_config), (8 bytes).
    Removing gd32f3x0_rcu.o(.text.rcu_apb2_clock_config), (40 bytes).
    Removing gd32f3x0_rcu.o(.ARM.exidx.text.rcu_apb2_clock_config), (8 bytes).
    Removing gd32f3x0_rcu.o(.text.rcu_adc_clock_config), (428 bytes).
    Removing gd32f3x0_rcu.o(.ARM.exidx.text.rcu_adc_clock_config), (8 bytes).
    Removing gd32f3x0_rcu.o(.text.rcu_usbfs_clock_config), (64 bytes).
    Removing gd32f3x0_rcu.o(.ARM.exidx.text.rcu_usbfs_clock_config), (8 bytes).
    Removing gd32f3x0_rcu.o(.text.rcu_ckout_config), (46 bytes).
    Removing gd32f3x0_rcu.o(.ARM.exidx.text.rcu_ckout_config), (8 bytes).
    Removing gd32f3x0_rcu.o(.text.rcu_pll_preselection_config), (32 bytes).
    Removing gd32f3x0_rcu.o(.ARM.exidx.text.rcu_pll_preselection_config), (8 bytes).
    Removing gd32f3x0_rcu.o(.text.rcu_pll_config), (76 bytes).
    Removing gd32f3x0_rcu.o(.ARM.exidx.text.rcu_pll_config), (8 bytes).
    Removing gd32f3x0_rcu.o(.text.rcu_usart_clock_config), (32 bytes).
    Removing gd32f3x0_rcu.o(.ARM.exidx.text.rcu_usart_clock_config), (8 bytes).
    Removing gd32f3x0_rcu.o(.text.rcu_cec_clock_config), (32 bytes).
    Removing gd32f3x0_rcu.o(.ARM.exidx.text.rcu_cec_clock_config), (8 bytes).
    Removing gd32f3x0_rcu.o(.text.rcu_rtc_clock_config), (32 bytes).
    Removing gd32f3x0_rcu.o(.ARM.exidx.text.rcu_rtc_clock_config), (8 bytes).
    Removing gd32f3x0_rcu.o(.text.rcu_ck48m_clock_config), (36 bytes).
    Removing gd32f3x0_rcu.o(.ARM.exidx.text.rcu_ck48m_clock_config), (8 bytes).
    Removing gd32f3x0_rcu.o(.text.rcu_hxtal_prediv_config), (40 bytes).
    Removing gd32f3x0_rcu.o(.ARM.exidx.text.rcu_hxtal_prediv_config), (8 bytes).
    Removing gd32f3x0_rcu.o(.text.rcu_lxtal_drive_capability_config), (32 bytes).
    Removing gd32f3x0_rcu.o(.ARM.exidx.text.rcu_lxtal_drive_capability_config), (8 bytes).
    Removing gd32f3x0_rcu.o(.text.rcu_flag_get), (62 bytes).
    Removing gd32f3x0_rcu.o(.ARM.exidx.text.rcu_flag_get), (8 bytes).
    Removing gd32f3x0_rcu.o(.text.rcu_all_reset_flag_clear), (18 bytes).
    Removing gd32f3x0_rcu.o(.ARM.exidx.text.rcu_all_reset_flag_clear), (8 bytes).
    Removing gd32f3x0_rcu.o(.text.rcu_interrupt_flag_get), (62 bytes).
    Removing gd32f3x0_rcu.o(.ARM.exidx.text.rcu_interrupt_flag_get), (8 bytes).
    Removing gd32f3x0_rcu.o(.text.rcu_interrupt_flag_clear), (40 bytes).
    Removing gd32f3x0_rcu.o(.ARM.exidx.text.rcu_interrupt_flag_clear), (8 bytes).
    Removing gd32f3x0_rcu.o(.text.rcu_interrupt_enable), (40 bytes).
    Removing gd32f3x0_rcu.o(.ARM.exidx.text.rcu_interrupt_enable), (8 bytes).
    Removing gd32f3x0_rcu.o(.text.rcu_interrupt_disable), (40 bytes).
    Removing gd32f3x0_rcu.o(.ARM.exidx.text.rcu_interrupt_disable), (8 bytes).
    Removing gd32f3x0_rcu.o(.text.rcu_osci_stab_wait), (668 bytes).
    Removing gd32f3x0_rcu.o(.ARM.exidx.text.rcu_osci_stab_wait), (8 bytes).
    Removing gd32f3x0_rcu.o(.text.rcu_osci_on), (40 bytes).
    Removing gd32f3x0_rcu.o(.ARM.exidx.text.rcu_osci_on), (8 bytes).
    Removing gd32f3x0_rcu.o(.text.rcu_osci_off), (40 bytes).
    Removing gd32f3x0_rcu.o(.ARM.exidx.text.rcu_osci_off), (8 bytes).
    Removing gd32f3x0_rcu.o(.text.rcu_osci_bypass_mode_enable), (144 bytes).
    Removing gd32f3x0_rcu.o(.ARM.exidx.text.rcu_osci_bypass_mode_enable), (8 bytes).
    Removing gd32f3x0_rcu.o(.text.rcu_osci_bypass_mode_disable), (144 bytes).
    Removing gd32f3x0_rcu.o(.ARM.exidx.text.rcu_osci_bypass_mode_disable), (8 bytes).
    Removing gd32f3x0_rcu.o(.text.rcu_hxtal_clock_monitor_enable), (18 bytes).
    Removing gd32f3x0_rcu.o(.ARM.exidx.text.rcu_hxtal_clock_monitor_enable), (8 bytes).
    Removing gd32f3x0_rcu.o(.text.rcu_hxtal_clock_monitor_disable), (18 bytes).
    Removing gd32f3x0_rcu.o(.ARM.exidx.text.rcu_hxtal_clock_monitor_disable), (8 bytes).
    Removing gd32f3x0_rcu.o(.text.rcu_irc8m_adjust_value_set), (46 bytes).
    Removing gd32f3x0_rcu.o(.ARM.exidx.text.rcu_irc8m_adjust_value_set), (8 bytes).
    Removing gd32f3x0_rcu.o(.text.rcu_irc28m_adjust_value_set), (46 bytes).
    Removing gd32f3x0_rcu.o(.ARM.exidx.text.rcu_irc28m_adjust_value_set), (8 bytes).
    Removing gd32f3x0_rcu.o(.text.rcu_voltage_key_unlock), (30 bytes).
    Removing gd32f3x0_rcu.o(.ARM.exidx.text.rcu_voltage_key_unlock), (8 bytes).
    Removing gd32f3x0_rcu.o(.text.rcu_deepsleep_voltage_set), (32 bytes).
    Removing gd32f3x0_rcu.o(.ARM.exidx.text.rcu_deepsleep_voltage_set), (8 bytes).
    Removing gd32f3x0_rcu.o(.ARM.exidx.text.rcu_clock_freq_get), (8 bytes).
    Removing gd32f3x0_rcu.o(.rodata.cst16), (16 bytes).
    Removing gd32f3x0_rcu.o(.rodata.cst8), (16 bytes).
    Removing startup_gd32f3x0.o(HEAP), (1024 bytes).
    Removing system_gd32f3x0.o(.text), (0 bytes).
    Removing system_gd32f3x0.o(.ARM.exidx.text.SystemInit), (8 bytes).
    Removing system_gd32f3x0.o(.ARM.exidx.text.system_clock_config), (8 bytes).
    Removing system_gd32f3x0.o(.text.SystemCoreClockUpdate), (404 bytes).
    Removing system_gd32f3x0.o(.ARM.exidx.text.SystemCoreClockUpdate), (8 bytes).
    Removing system_gd32f3x0.o(.ARM.exidx.text.system_clock_84m_irc8m), (8 bytes).
    Removing system_gd32f3x0.o(.rodata.cst16), (16 bytes).

655 unused section(s) (total 21966 bytes) removed from the image.

==============================================================================

Image Symbol Table

    Local Symbols

    Symbol Name                              Value     Ov Type        Size  Object(Section)

    ../clib/../cmprslib/zerorunl2.c          0x00000000   Number         0  __dczerorl2.o ABSOLUTE
    ../clib/division.s                       0x00000000   Number         0  aeabi_sdiv.o ABSOLUTE
    ../clib/microlib/division.c              0x00000000   Number         0  uidiv.o ABSOLUTE
    ../clib/microlib/division.c              0x00000000   Number         0  uldiv.o ABSOLUTE
    ../clib/microlib/init/entry.s            0x00000000   Number         0  entry.o ABSOLUTE
    ../clib/microlib/init/entry.s            0x00000000   Number         0  entry2.o ABSOLUTE
    ../clib/microlib/init/entry.s            0x00000000   Number         0  entry5.o ABSOLUTE
    ../clib/microlib/init/entry.s            0x00000000   Number         0  entry7a.o ABSOLUTE
    ../clib/microlib/init/entry.s            0x00000000   Number         0  entry7b.o ABSOLUTE
    ../clib/microlib/init/entry.s            0x00000000   Number         0  entry8a.o ABSOLUTE
    ../clib/microlib/init/entry.s            0x00000000   Number         0  entry8b.o ABSOLUTE
    ../clib/microlib/init/entry.s            0x00000000   Number         0  entry9a.o ABSOLUTE
    ../clib/microlib/init/entry.s            0x00000000   Number         0  entry9b.o ABSOLUTE
    ../clib/microlib/init/entry.s            0x00000000   Number         0  entry10a.o ABSOLUTE
    ../clib/microlib/init/entry.s            0x00000000   Number         0  entry10b.o ABSOLUTE
    ../clib/microlib/init/entry.s            0x00000000   Number         0  entry11a.o ABSOLUTE
    ../clib/microlib/init/entry.s            0x00000000   Number         0  entry11b.o ABSOLUTE
    ../clib/microlib/longlong.c              0x00000000   Number         0  llshl.o ABSOLUTE
    ../clib/microlib/longlong.c              0x00000000   Number         0  llsshr.o ABSOLUTE
    ../clib/microlib/longlong.c              0x00000000   Number         0  llushr.o ABSOLUTE
    ../clib/microlib/printf/printf.c         0x00000000   Number         0  printfa.o ABSOLUTE
    ../clib/microlib/stdio/streams.c         0x00000000   Number         0  stdout.o ABSOLUTE
    ../clib/microlib/stubs.s                 0x00000000   Number         0  iusefp.o ABSOLUTE
    ../fplib/microlib/d2f.c                  0x00000000   Number         0  d2f.o ABSOLUTE
    ../fplib/microlib/f2d.c                  0x00000000   Number         0  f2d.o ABSOLUTE
    ../fplib/microlib/fpadd.c                0x00000000   Number         0  dadd.o ABSOLUTE
    ../fplib/microlib/fpdiv.c                0x00000000   Number         0  ddiv.o ABSOLUTE
    ../fplib/microlib/fpepilogue.c           0x00000000   Number         0  fepilogue.o ABSOLUTE
    ../fplib/microlib/fpepilogue.c           0x00000000   Number         0  depilogue.o ABSOLUTE
    ../fplib/microlib/fpfix.c                0x00000000   Number         0  dfixul.o ABSOLUTE
    ../fplib/microlib/fpflt.c                0x00000000   Number         0  dflti.o ABSOLUTE
    ../fplib/microlib/fpflt.c                0x00000000   Number         0  dfltui.o ABSOLUTE
    ../fplib/microlib/fpmul.c                0x00000000   Number         0  dmul.o ABSOLUTE
    LH001_91.c                               0x00000000   Number         0  lh001_91.o ABSOLUTE
    RTE/Device/GD32F330F8/startup_gd32f3x0.s 0x00000000   Number         0  startup_gd32f3x0.o ABSOLUTE
    cdrcmple.s                               0x00000000   Number         0  cdrcmple.o ABSOLUTE
    dc.s                                     0x00000000   Number         0  dc.o ABSOLUTE
    gd32f3x0_exti.c                          0x00000000   Number         0  gd32f3x0_exti.o ABSOLUTE
    gd32f3x0_fmc.c                           0x00000000   Number         0  gd32f3x0_fmc.o ABSOLUTE
    gd32f3x0_gpio.c                          0x00000000   Number         0  gd32f3x0_gpio.o ABSOLUTE
    gd32f3x0_misc.c                          0x00000000   Number         0  gd32f3x0_misc.o ABSOLUTE
    gd32f3x0_rcu.c                           0x00000000   Number         0  gd32f3x0_rcu.o ABSOLUTE
    gd32f3x0_spi.c                           0x00000000   Number         0  gd32f3x0_spi.o ABSOLUTE
    gd32f3x0_syscfg.c                        0x00000000   Number         0  gd32f3x0_syscfg.o ABSOLUTE
    gd32f3x0_timer.c                         0x00000000   Number         0  gd32f3x0_timer.o ABSOLUTE
    gd32f3x0_usart.c                         0x00000000   Number         0  gd32f3x0_usart.o ABSOLUTE
    handlers.s                               0x00000000   Number         0  handlers.o ABSOLUTE
    init.s                                   0x00000000   Number         0  init.o ABSOLUTE
    main.c                                   0x00000000   Number         0  main.o ABSOLUTE
    spi_port.c                               0x00000000   Number         0  spi_port.o ABSOLUTE
    system_gd32f3x0.c                        0x00000000   Number         0  system_gd32f3x0.o ABSOLUTE
    uart_print.c                             0x00000000   Number         0  uart_print.o ABSOLUTE
    RESET                                    0x08000000   Section      336  startup_gd32f3x0.o(RESET)
    .ARM.Collect$$$$00000000                 0x08000150   Section        0  entry.o(.ARM.Collect$$$$00000000)
    .ARM.Collect$$$$00000001                 0x08000150   Section        4  entry2.o(.ARM.Collect$$$$00000001)
    .ARM.Collect$$$$00000004                 0x08000154   Section        4  entry5.o(.ARM.Collect$$$$00000004)
    .ARM.Collect$$$$00000008                 0x08000158   Section        0  entry7b.o(.ARM.Collect$$$$00000008)
    .ARM.Collect$$$$0000000A                 0x08000158   Section        0  entry8b.o(.ARM.Collect$$$$0000000A)
    .ARM.Collect$$$$0000000B                 0x08000158   Section        8  entry9a.o(.ARM.Collect$$$$0000000B)
    __lit__00000000                          0x08000160   Data           4  entry2.o(.ARM.Collect$$$$00002712)
    .ARM.Collect$$$$0000000D                 0x08000160   Section        0  entry10a.o(.ARM.Collect$$$$0000000D)
    .ARM.Collect$$$$0000000F                 0x08000160   Section        0  entry11a.o(.ARM.Collect$$$$0000000F)
    .ARM.Collect$$$$00002712                 0x08000160   Section        4  entry2.o(.ARM.Collect$$$$00002712)
    $v0                                      0x08000164   Number         0  startup_gd32f3x0.o(.text)
    .text                                    0x08000164   Section       36  startup_gd32f3x0.o(.text)
    .text                                    0x08000188   Section        0  dadd.o(.text)
    .text                                    0x080002d6   Section        0  dmul.o(.text)
    .text                                    0x080003ba   Section        0  ddiv.o(.text)
    .text                                    0x08000498   Section        0  dflti.o(.text)
    .text                                    0x080004ba   Section        0  dfltui.o(.text)
    .text                                    0x080004d4   Section        0  f2d.o(.text)
    .text                                    0x080004fa   Section        0  d2f.o(.text)
    .text                                    0x08000532   Section        0  uidiv.o(.text)
    .text                                    0x0800055e   Section        0  uldiv.o(.text)
    .text                                    0x080005c0   Section        0  llshl.o(.text)
    .text                                    0x080005de   Section        0  llsshr.o(.text)
    .text                                    0x08000602   Section        0  iusefp.o(.text)
    .text                                    0x08000602   Section        0  fepilogue.o(.text)
    .text                                    0x08000670   Section        0  depilogue.o(.text)
    .text                                    0x0800072a   Section        0  dfixul.o(.text)
    .text                                    0x0800075c   Section       48  cdrcmple.o(.text)
    .text                                    0x0800078c   Section       36  init.o(.text)
    .text                                    0x080007b0   Section        0  llushr.o(.text)
    .text                                    0x080007d0   Section        0  __dczerorl2.o(.text)
    [Anonymous Symbol]                       0x08000828   Section        0  main.o(.text.EXTI4_15_IRQHandler)
    [Anonymous Symbol]                       0x0800085c   Section        0  system_gd32f3x0.o(.text.SystemInit)
    [Anonymous Symbol]                       0x08000950   Section        0  uart_print.o(.text.debug_pin_init)
    [Anonymous Symbol]                       0x08000980   Section        0  gd32f3x0_exti.o(.text.exti_init)
    [Anonymous Symbol]                       0x08000a8c   Section        0  gd32f3x0_exti.o(.text.exti_interrupt_flag_clear)
    [Anonymous Symbol]                       0x08000aa0   Section        0  gd32f3x0_exti.o(.text.exti_interrupt_flag_get)
    [Anonymous Symbol]                       0x08000ae8   Section        0  uart_print.o(.text.fputc)
    [Anonymous Symbol]                       0x08000b1c   Section        0  gd32f3x0_gpio.o(.text.gpio_af_set)
    [Anonymous Symbol]                       0x08000bf0   Section        0  gd32f3x0_gpio.o(.text.gpio_mode_set)
    [Anonymous Symbol]                       0x08000c8c   Section        0  gd32f3x0_gpio.o(.text.gpio_output_options_set)
    [Anonymous Symbol]                       0x08000d94   Section        0  lh001_91.o(.text.lh001_91_adc_channel)
    [Anonymous Symbol]                       0x08000db8   Section        0  lh001_91.o(.text.lh001_91_adc_code2mv)
    [Anonymous Symbol]                       0x08000e48   Section        0  lh001_91.o(.text.lh001_91_adc_go)
    [Anonymous Symbol]                       0x08000e74   Section        0  lh001_91.o(.text.lh001_91_adc_init)
    [Anonymous Symbol]                       0x08000f40   Section        0  lh001_91.o(.text.lh001_91_adc_stop)
    [Anonymous Symbol]                       0x08000f6c   Section        0  main.o(.text.lh001_91_init)
    [Anonymous Symbol]                       0x08000fe4   Section        0  lh001_91.o(.text.lh001_91_leadoff_init)
    [Anonymous Symbol]                       0x08001094   Section        0  lh001_91.o(.text.lh001_91_pga_init)
    [Anonymous Symbol]                       0x08001120   Section        0  lh001_91.o(.text.lh001_91_rdatac_start)
    [Anonymous Symbol]                       0x0800114c   Section        0  lh001_91.o(.text.lh001_91_rdatac_stop)
    [Anonymous Symbol]                       0x08001178   Section        0  lh001_91.o(.text.lh001_91_read_data_nofifo)
    [Anonymous Symbol]                       0x08001284   Section        0  lh001_91.o(.text.lh001_91_read_regs)
    [Anonymous Symbol]                       0x0800146c   Section        0  lh001_91.o(.text.lh001_91_reg_dump)
    [Anonymous Symbol]                       0x080014ac   Section        0  lh001_91.o(.text.lh001_91_rld_init)
    [Anonymous Symbol]                       0x080014d8   Section        0  lh001_91.o(.text.lh001_91_sw_reset)
    [Anonymous Symbol]                       0x08001548   Section        0  lh001_91.o(.text.lh001_91_write_regs)
    [Anonymous Symbol]                       0x08001728   Section        0  main.o(.text.main)
    [Anonymous Symbol]                       0x08001854   Section        0  gd32f3x0_misc.o(.text.nvic_irq_enable)
    [Anonymous Symbol]                       0x0800194c   Section        0  gd32f3x0_misc.o(.text.nvic_priority_group_set)
    [Anonymous Symbol]                       0x08001968   Section        0  gd32f3x0_misc.o(.text.nvic_vector_table_set)
    [Anonymous Symbol]                       0x0800198c   Section        0  gd32f3x0_rcu.o(.text.rcu_clock_freq_get)
    [Anonymous Symbol]                       0x08001d58   Section        0  gd32f3x0_rcu.o(.text.rcu_periph_clock_enable)
    [Anonymous Symbol]                       0x08001d80   Section        0  gd32f3x0_rcu.o(.text.rcu_periph_reset_disable)
    [Anonymous Symbol]                       0x08001da8   Section        0  gd32f3x0_rcu.o(.text.rcu_periph_reset_enable)
    [Anonymous Symbol]                       0x08001dd0   Section        0  gd32f3x0_spi.o(.text.spi_enable)
    [Anonymous Symbol]                       0x08001de4   Section        0  gd32f3x0_spi.o(.text.spi_i2s_data_receive)
    [Anonymous Symbol]                       0x08001df4   Section        0  gd32f3x0_spi.o(.text.spi_i2s_data_transmit)
    [Anonymous Symbol]                       0x08001e08   Section        0  gd32f3x0_spi.o(.text.spi_i2s_deinit)
    [Anonymous Symbol]                       0x08001e5c   Section        0  gd32f3x0_spi.o(.text.spi_i2s_flag_get)
    [Anonymous Symbol]                       0x08001e88   Section        0  gd32f3x0_spi.o(.text.spi_init)
    [Anonymous Symbol]                       0x08001efc   Section        0  gd32f3x0_spi.o(.text.spi_struct_para_init)
    [Anonymous Symbol]                       0x08001f20   Section        0  spi_port.o(.text.stm_lh_delay_10us)
    [Anonymous Symbol]                       0x08001f88   Section        0  spi_port.o(.text.stm_lh_spi_init)
    [Anonymous Symbol]                       0x080020d4   Section        0  spi_port.o(.text.stm_lh_spi_txrx8bit)
    [Anonymous Symbol]                       0x0800212c   Section        0  gd32f3x0_syscfg.o(.text.syscfg_exti_line_config)
    system_clock_84m_irc8m                   0x080021d9   Thumb Code   142  system_gd32f3x0.o(.text.system_clock_84m_irc8m)
    [Anonymous Symbol]                       0x080021d8   Section        0  system_gd32f3x0.o(.text.system_clock_84m_irc8m)
    system_clock_config                      0x08002269   Thumb Code     8  system_gd32f3x0.o(.text.system_clock_config)
    [Anonymous Symbol]                       0x08002268   Section        0  system_gd32f3x0.o(.text.system_clock_config)
    [Anonymous Symbol]                       0x08002270   Section        0  uart_print.o(.text.uart_print_init)
    [Anonymous Symbol]                       0x08002324   Section        0  gd32f3x0_usart.o(.text.usart_baudrate_set)
    [Anonymous Symbol]                       0x080023e0   Section        0  gd32f3x0_usart.o(.text.usart_data_transmit)
    [Anonymous Symbol]                       0x080023f4   Section        0  gd32f3x0_usart.o(.text.usart_deinit)
    [Anonymous Symbol]                       0x08002448   Section        0  gd32f3x0_usart.o(.text.usart_enable)
    [Anonymous Symbol]                       0x0800245c   Section        0  gd32f3x0_usart.o(.text.usart_flag_get)
    [Anonymous Symbol]                       0x08002498   Section        0  gd32f3x0_usart.o(.text.usart_parity_config)
    [Anonymous Symbol]                       0x080024c0   Section        0  gd32f3x0_usart.o(.text.usart_receive_config)
    [Anonymous Symbol]                       0x080024e0   Section        0  gd32f3x0_usart.o(.text.usart_stop_bit_set)
    [Anonymous Symbol]                       0x08002508   Section        0  gd32f3x0_usart.o(.text.usart_transmit_config)
    [Anonymous Symbol]                       0x08002528   Section        0  gd32f3x0_usart.o(.text.usart_word_length_set)
    i.__0printf                              0x08002550   Section        0  printfa.o(i.__0printf)
    i.__scatterload_copy                     0x08002570   Section       14  handlers.o(i.__scatterload_copy)
    i.__scatterload_null                     0x0800257e   Section        2  handlers.o(i.__scatterload_null)
    i.__scatterload_zeroinit                 0x08002580   Section       14  handlers.o(i.__scatterload_zeroinit)
    _fp_digits                               0x08002591   Thumb Code   366  printfa.o(i._fp_digits)
    i._fp_digits                             0x08002590   Section        0  printfa.o(i._fp_digits)
    _printf_core                             0x08002715   Thumb Code  1744  printfa.o(i._printf_core)
    i._printf_core                           0x08002714   Section        0  printfa.o(i._printf_core)
    _printf_post_padding                     0x08002df1   Thumb Code    36  printfa.o(i._printf_post_padding)
    i._printf_post_padding                   0x08002df0   Section        0  printfa.o(i._printf_post_padding)
    _printf_pre_padding                      0x08002e15   Thumb Code    46  printfa.o(i._printf_pre_padding)
    i._printf_pre_padding                    0x08002e14   Section        0  printfa.o(i._printf_pre_padding)
    .L.str.2                                 0x08002e42   Data          11  main.o(.rodata.str1.1)
    [Anonymous Symbol]                       0x08002e42   Section        0  main.o(.rodata.str1.1)
    .L.str                                   0x08002e4d   Data          13  main.o(.rodata.str1.1)
    .L.str.1                                 0x08002e5a   Data          10  main.o(.rodata.str1.1)
    .L.str.3                                 0x08002e5f   Data           5  main.o(.rodata.str1.1)
    .data                                    0x20000000   Section        4  stdout.o(.data)
    lh001_91_read_data_nofifo.dat            0x20000278   Data           6  lh001_91.o(.bss.lh001_91_read_data_nofifo.dat)
    [Anonymous Symbol]                       0x20000278   Section        0  lh001_91.o(.bss.lh001_91_read_data_nofifo.dat)
    STACK                                    0x20000280   Section     1024  startup_gd32f3x0.o(STACK)

    Global Symbols

    Symbol Name                              Value     Ov Type        Size  Object(Section)

    BuildAttributes$$THM_ISAv4$E$P$D$K$B$S$7EM$VFPi3$EXTD16$VFPS$VFMA$PE$A:L22UL41UL21$X:L11$S22US41US21$IEEE1$IW$~IW$USESV6$~STKCKD$USESV7$~SHL$OTIME$ROPI$EBA8$MICROLIB$REQ8$PRES8$EABIv2 0x00000000   Number         0  anon$$obj.o ABSOLUTE
    __cpp_initialize__aeabi_                  - Undefined Weak Reference
    __cxa_finalize                            - Undefined Weak Reference
    _clock_init                               - Undefined Weak Reference
    _microlib_exit                            - Undefined Weak Reference
    __Vectors_Size                           0x00000150   Number         0  startup_gd32f3x0.o ABSOLUTE
    __Vectors                                0x08000000   Data           4  startup_gd32f3x0.o(RESET)
    __Vectors_End                            0x08000150   Data           0  startup_gd32f3x0.o(RESET)
    __main                                   0x08000151   Thumb Code     0  entry.o(.ARM.Collect$$$$00000000)
    _main_stk                                0x08000151   Thumb Code     0  entry2.o(.ARM.Collect$$$$00000001)
    _main_scatterload                        0x08000155   Thumb Code     0  entry5.o(.ARM.Collect$$$$00000004)
    __main_after_scatterload                 0x08000159   Thumb Code     0  entry5.o(.ARM.Collect$$$$00000004)
    _main_clock                              0x08000159   Thumb Code     0  entry7b.o(.ARM.Collect$$$$00000008)
    _main_cpp_init                           0x08000159   Thumb Code     0  entry8b.o(.ARM.Collect$$$$0000000A)
    _main_init                               0x08000159   Thumb Code     0  entry9a.o(.ARM.Collect$$$$0000000B)
    __rt_final_cpp                           0x08000161   Thumb Code     0  entry10a.o(.ARM.Collect$$$$0000000D)
    __rt_final_exit                          0x08000161   Thumb Code     0  entry11a.o(.ARM.Collect$$$$0000000F)
    Reset_Handler                            0x08000165   Thumb Code     8  startup_gd32f3x0.o(.text)
    NMI_Handler                              0x0800016d   Thumb Code     2  startup_gd32f3x0.o(.text)
    HardFault_Handler                        0x0800016f   Thumb Code     2  startup_gd32f3x0.o(.text)
    MemManage_Handler                        0x08000171   Thumb Code     2  startup_gd32f3x0.o(.text)
    BusFault_Handler                         0x08000173   Thumb Code     2  startup_gd32f3x0.o(.text)
    UsageFault_Handler                       0x08000175   Thumb Code     2  startup_gd32f3x0.o(.text)
    SVC_Handler                              0x08000177   Thumb Code     2  startup_gd32f3x0.o(.text)
    DebugMon_Handler                         0x08000179   Thumb Code     2  startup_gd32f3x0.o(.text)
    PendSV_Handler                           0x0800017b   Thumb Code     2  startup_gd32f3x0.o(.text)
    SysTick_Handler                          0x0800017d   Thumb Code     2  startup_gd32f3x0.o(.text)
    ADC_CMP_IRQHandler                       0x0800017f   Thumb Code     0  startup_gd32f3x0.o(.text)
    CEC_IRQHandler                           0x0800017f   Thumb Code     0  startup_gd32f3x0.o(.text)
    DMA_Channel0_IRQHandler                  0x0800017f   Thumb Code     0  startup_gd32f3x0.o(.text)
    DMA_Channel1_2_IRQHandler                0x0800017f   Thumb Code     0  startup_gd32f3x0.o(.text)
    DMA_Channel3_4_IRQHandler                0x0800017f   Thumb Code     0  startup_gd32f3x0.o(.text)
    DMA_Channel5_6_IRQHandler                0x0800017f   Thumb Code     0  startup_gd32f3x0.o(.text)
    EXTI0_1_IRQHandler                       0x0800017f   Thumb Code     0  startup_gd32f3x0.o(.text)
    EXTI2_3_IRQHandler                       0x0800017f   Thumb Code     0  startup_gd32f3x0.o(.text)
    FMC_IRQHandler                           0x0800017f   Thumb Code     0  startup_gd32f3x0.o(.text)
    I2C0_ER_IRQHandler                       0x0800017f   Thumb Code     0  startup_gd32f3x0.o(.text)
    I2C0_EV_IRQHandler                       0x0800017f   Thumb Code     0  startup_gd32f3x0.o(.text)
    I2C1_ER_IRQHandler                       0x0800017f   Thumb Code     0  startup_gd32f3x0.o(.text)
    I2C1_EV_IRQHandler                       0x0800017f   Thumb Code     0  startup_gd32f3x0.o(.text)
    LVD_IRQHandler                           0x0800017f   Thumb Code     0  startup_gd32f3x0.o(.text)
    RCU_CTC_IRQHandler                       0x0800017f   Thumb Code     0  startup_gd32f3x0.o(.text)
    RTC_IRQHandler                           0x0800017f   Thumb Code     0  startup_gd32f3x0.o(.text)
    SPI0_IRQHandler                          0x0800017f   Thumb Code     0  startup_gd32f3x0.o(.text)
    SPI1_IRQHandler                          0x0800017f   Thumb Code     0  startup_gd32f3x0.o(.text)
    TIMER0_BRK_UP_TRG_COM_IRQHandler         0x0800017f   Thumb Code     0  startup_gd32f3x0.o(.text)
    TIMER0_Channel_IRQHandler                0x0800017f   Thumb Code     0  startup_gd32f3x0.o(.text)
    TIMER13_IRQHandler                       0x0800017f   Thumb Code     0  startup_gd32f3x0.o(.text)
    TIMER14_IRQHandler                       0x0800017f   Thumb Code     0  startup_gd32f3x0.o(.text)
    TIMER15_IRQHandler                       0x0800017f   Thumb Code     0  startup_gd32f3x0.o(.text)
    TIMER16_IRQHandler                       0x0800017f   Thumb Code     0  startup_gd32f3x0.o(.text)
    TIMER1_IRQHandler                        0x0800017f   Thumb Code     0  startup_gd32f3x0.o(.text)
    TIMER2_IRQHandler                        0x0800017f   Thumb Code     0  startup_gd32f3x0.o(.text)
    TIMER5_DAC_IRQHandler                    0x0800017f   Thumb Code     0  startup_gd32f3x0.o(.text)
    TSI_IRQHandler                           0x0800017f   Thumb Code     0  startup_gd32f3x0.o(.text)
    USART0_IRQHandler                        0x0800017f   Thumb Code     0  startup_gd32f3x0.o(.text)
    USART1_IRQHandler                        0x0800017f   Thumb Code     0  startup_gd32f3x0.o(.text)
    USBFS_IRQHandler                         0x0800017f   Thumb Code     0  startup_gd32f3x0.o(.text)
    USBFS_WKUP_IRQHandler                    0x0800017f   Thumb Code     0  startup_gd32f3x0.o(.text)
    WWDGT_IRQHandler                         0x0800017f   Thumb Code     0  startup_gd32f3x0.o(.text)
    __aeabi_dadd                             0x08000189   Thumb Code   322  dadd.o(.text)
    __aeabi_dsub                             0x080002cb   Thumb Code     6  dadd.o(.text)
    __aeabi_drsub                            0x080002d1   Thumb Code     6  dadd.o(.text)
    __aeabi_dmul                             0x080002d7   Thumb Code   228  dmul.o(.text)
    __aeabi_ddiv                             0x080003bb   Thumb Code   222  ddiv.o(.text)
    __aeabi_i2d                              0x08000499   Thumb Code    34  dflti.o(.text)
    __aeabi_ui2d                             0x080004bb   Thumb Code    26  dfltui.o(.text)
    __aeabi_f2d                              0x080004d5   Thumb Code    38  f2d.o(.text)
    __aeabi_d2f                              0x080004fb   Thumb Code    56  d2f.o(.text)
    __aeabi_uidiv                            0x08000533   Thumb Code     0  uidiv.o(.text)
    __aeabi_uidivmod                         0x08000533   Thumb Code    44  uidiv.o(.text)
    __aeabi_uldivmod                         0x0800055f   Thumb Code    98  uldiv.o(.text)
    __aeabi_llsl                             0x080005c1   Thumb Code    30  llshl.o(.text)
    _ll_shift_l                              0x080005c1   Thumb Code     0  llshl.o(.text)
    __aeabi_lasr                             0x080005df   Thumb Code    36  llsshr.o(.text)
    _ll_sshift_r                             0x080005df   Thumb Code     0  llsshr.o(.text)
    __I$use$fp                               0x08000603   Thumb Code     0  iusefp.o(.text)
    _float_round                             0x08000603   Thumb Code    18  fepilogue.o(.text)
    _float_epilogue                          0x08000615   Thumb Code    92  fepilogue.o(.text)
    _double_round                            0x08000671   Thumb Code    30  depilogue.o(.text)
    _double_epilogue                         0x0800068f   Thumb Code   156  depilogue.o(.text)
    __aeabi_d2ulz                            0x0800072b   Thumb Code    48  dfixul.o(.text)
    __aeabi_cdrcmple                         0x0800075d   Thumb Code    48  cdrcmple.o(.text)
    __scatterload                            0x0800078d   Thumb Code    28  init.o(.text)
    __scatterload_rt2                        0x0800078d   Thumb Code     0  init.o(.text)
    __aeabi_llsr                             0x080007b1   Thumb Code    32  llushr.o(.text)
    _ll_ushift_r                             0x080007b1   Thumb Code     0  llushr.o(.text)
    __decompress                             0x080007d1   Thumb Code     0  __dczerorl2.o(.text)
    __decompress1                            0x080007d1   Thumb Code    86  __dczerorl2.o(.text)
    EXTI4_15_IRQHandler                      0x08000829   Thumb Code    50  main.o(.text.EXTI4_15_IRQHandler)
    SystemInit                               0x0800085d   Thumb Code   244  system_gd32f3x0.o(.text.SystemInit)
    debug_pin_init                           0x08000951   Thumb Code    48  uart_print.o(.text.debug_pin_init)
    exti_init                                0x08000981   Thumb Code   266  gd32f3x0_exti.o(.text.exti_init)
    exti_interrupt_flag_clear                0x08000a8d   Thumb Code    20  gd32f3x0_exti.o(.text.exti_interrupt_flag_clear)
    exti_interrupt_flag_get                  0x08000aa1   Thumb Code    72  gd32f3x0_exti.o(.text.exti_interrupt_flag_get)
    fputc                                    0x08000ae9   Thumb Code    52  uart_print.o(.text.fputc)
    gpio_af_set                              0x08000b1d   Thumb Code   212  gd32f3x0_gpio.o(.text.gpio_af_set)
    gpio_mode_set                            0x08000bf1   Thumb Code   156  gd32f3x0_gpio.o(.text.gpio_mode_set)
    gpio_output_options_set                  0x08000c8d   Thumb Code   262  gd32f3x0_gpio.o(.text.gpio_output_options_set)
    lh001_91_adc_channel                     0x08000d95   Thumb Code    36  lh001_91.o(.text.lh001_91_adc_channel)
    lh001_91_adc_code2mv                     0x08000db9   Thumb Code   144  lh001_91.o(.text.lh001_91_adc_code2mv)
    lh001_91_adc_go                          0x08000e49   Thumb Code    44  lh001_91.o(.text.lh001_91_adc_go)
    lh001_91_adc_init                        0x08000e75   Thumb Code   204  lh001_91.o(.text.lh001_91_adc_init)
    lh001_91_adc_stop                        0x08000f41   Thumb Code    44  lh001_91.o(.text.lh001_91_adc_stop)
    lh001_91_init                            0x08000f6d   Thumb Code   120  main.o(.text.lh001_91_init)
    lh001_91_leadoff_init                    0x08000fe5   Thumb Code   174  lh001_91.o(.text.lh001_91_leadoff_init)
    lh001_91_pga_init                        0x08001095   Thumb Code   138  lh001_91.o(.text.lh001_91_pga_init)
    lh001_91_rdatac_start                    0x08001121   Thumb Code    44  lh001_91.o(.text.lh001_91_rdatac_start)
    lh001_91_rdatac_stop                     0x0800114d   Thumb Code    44  lh001_91.o(.text.lh001_91_rdatac_stop)
    lh001_91_read_data_nofifo                0x08001179   Thumb Code   266  lh001_91.o(.text.lh001_91_read_data_nofifo)
    lh001_91_read_regs                       0x08001285   Thumb Code   488  lh001_91.o(.text.lh001_91_read_regs)
    lh001_91_reg_dump                        0x0800146d   Thumb Code    62  lh001_91.o(.text.lh001_91_reg_dump)
    lh001_91_rld_init                        0x080014ad   Thumb Code    44  lh001_91.o(.text.lh001_91_rld_init)
    lh001_91_sw_reset                        0x080014d9   Thumb Code   112  lh001_91.o(.text.lh001_91_sw_reset)
    lh001_91_write_regs                      0x08001549   Thumb Code   480  lh001_91.o(.text.lh001_91_write_regs)
    main                                     0x08001729   Thumb Code   298  main.o(.text.main)
    nvic_irq_enable                          0x08001855   Thumb Code   246  gd32f3x0_misc.o(.text.nvic_irq_enable)
    nvic_priority_group_set                  0x0800194d   Thumb Code    28  gd32f3x0_misc.o(.text.nvic_priority_group_set)
    nvic_vector_table_set                    0x08001969   Thumb Code    36  gd32f3x0_misc.o(.text.nvic_vector_table_set)
    rcu_clock_freq_get                       0x0800198d   Thumb Code   972  gd32f3x0_rcu.o(.text.rcu_clock_freq_get)
    rcu_periph_clock_enable                  0x08001d59   Thumb Code    40  gd32f3x0_rcu.o(.text.rcu_periph_clock_enable)
    rcu_periph_reset_disable                 0x08001d81   Thumb Code    40  gd32f3x0_rcu.o(.text.rcu_periph_reset_disable)
    rcu_periph_reset_enable                  0x08001da9   Thumb Code    40  gd32f3x0_rcu.o(.text.rcu_periph_reset_enable)
    spi_enable                               0x08001dd1   Thumb Code    18  gd32f3x0_spi.o(.text.spi_enable)
    spi_i2s_data_receive                     0x08001de5   Thumb Code    14  gd32f3x0_spi.o(.text.spi_i2s_data_receive)
    spi_i2s_data_transmit                    0x08001df5   Thumb Code    20  gd32f3x0_spi.o(.text.spi_i2s_data_transmit)
    spi_i2s_deinit                           0x08001e09   Thumb Code    82  gd32f3x0_spi.o(.text.spi_i2s_deinit)
    spi_i2s_flag_get                         0x08001e5d   Thumb Code    42  gd32f3x0_spi.o(.text.spi_i2s_flag_get)
    spi_init                                 0x08001e89   Thumb Code   114  gd32f3x0_spi.o(.text.spi_init)
    spi_struct_para_init                     0x08001efd   Thumb Code    34  gd32f3x0_spi.o(.text.spi_struct_para_init)
    stm_lh_delay_10us                        0x08001f21   Thumb Code   102  spi_port.o(.text.stm_lh_delay_10us)
    stm_lh_spi_init                          0x08001f89   Thumb Code   330  spi_port.o(.text.stm_lh_spi_init)
    stm_lh_spi_txrx8bit                      0x080020d5   Thumb Code    86  spi_port.o(.text.stm_lh_spi_txrx8bit)
    syscfg_exti_line_config                  0x0800212d   Thumb Code   172  gd32f3x0_syscfg.o(.text.syscfg_exti_line_config)
    uart_print_init                          0x08002271   Thumb Code   180  uart_print.o(.text.uart_print_init)
    usart_baudrate_set                       0x08002325   Thumb Code   188  gd32f3x0_usart.o(.text.usart_baudrate_set)
    usart_data_transmit                      0x080023e1   Thumb Code    20  gd32f3x0_usart.o(.text.usart_data_transmit)
    usart_deinit                             0x080023f5   Thumb Code    82  gd32f3x0_usart.o(.text.usart_deinit)
    usart_enable                             0x08002449   Thumb Code    18  gd32f3x0_usart.o(.text.usart_enable)
    usart_flag_get                           0x0800245d   Thumb Code    58  gd32f3x0_usart.o(.text.usart_flag_get)
    usart_parity_config                      0x08002499   Thumb Code    40  gd32f3x0_usart.o(.text.usart_parity_config)
    usart_receive_config                     0x080024c1   Thumb Code    30  gd32f3x0_usart.o(.text.usart_receive_config)
    usart_stop_bit_set                       0x080024e1   Thumb Code    40  gd32f3x0_usart.o(.text.usart_stop_bit_set)
    usart_transmit_config                    0x08002509   Thumb Code    30  gd32f3x0_usart.o(.text.usart_transmit_config)
    usart_word_length_set                    0x08002529   Thumb Code    40  gd32f3x0_usart.o(.text.usart_word_length_set)
    __0printf                                0x08002551   Thumb Code    22  printfa.o(i.__0printf)
    __1printf                                0x08002551   Thumb Code     0  printfa.o(i.__0printf)
    __2printf                                0x08002551   Thumb Code     0  printfa.o(i.__0printf)
    __c89printf                              0x08002551   Thumb Code     0  printfa.o(i.__0printf)
    printf                                   0x08002551   Thumb Code     0  printfa.o(i.__0printf)
    __scatterload_copy                       0x08002571   Thumb Code    14  handlers.o(i.__scatterload_copy)
    __scatterload_null                       0x0800257f   Thumb Code     2  handlers.o(i.__scatterload_null)
    __scatterload_zeroinit                   0x08002581   Thumb Code    14  handlers.o(i.__scatterload_zeroinit)
    Region$$Table$$Base                      0x08002e64   Number         0  anon$$obj.o(Region$$Table)
    Region$$Table$$Limit                     0x08002e84   Number         0  anon$$obj.o(Region$$Table)
    __stdout                                 0x20000000   Data           4  stdout.o(.data)
    SystemCoreClock                          0x20000004   Data           4  system_gd32f3x0.o(.data.SystemCoreClock)
    reg                                      0x20000008   Data         600  main.o(.data.reg)
    data_cnt                                 0x20000260   Data           4  main.o(.bss.data_cnt)
    data_ready_flag                          0x20000264   Data           4  main.o(.bss.data_ready_flag)
    ecg_dat                                  0x20000268   Data          16  main.o(.bss.ecg_dat)
    __initial_sp                             0x20000680   Data           0  startup_gd32f3x0.o(STACK)



==============================================================================

Memory Map of the image

  Image Entry point : 0x08000151

  Load Region LR_IROM1 (Base: 0x08000000, Size: 0x000030e8, Max: 0x00010000, ABSOLUTE, COMPRESSED[0x00002f10])

    Execution Region ER_IROM1 (Exec base: 0x08000000, Load base: 0x08000000, Size: 0x00002e84, Max: 0x00010000, ABSOLUTE)

    Exec Addr    Load Addr    Size         Type   Attr      Idx    E Section Name        Object

    0x08000000   0x08000000   0x00000150   Data   RO          789    RESET               startup_gd32f3x0.o
    0x08000150   0x08000150   0x00000000   Code   RO          813  * .ARM.Collect$$$$00000000  mc_w.l(entry.o)
    0x08000150   0x08000150   0x00000004   Code   RO          858    .ARM.Collect$$$$00000001  mc_w.l(entry2.o)
    0x08000154   0x08000154   0x00000004   Code   RO          861    .ARM.Collect$$$$00000004  mc_w.l(entry5.o)
    0x08000158   0x08000158   0x00000000   Code   RO          863    .ARM.Collect$$$$00000008  mc_w.l(entry7b.o)
    0x08000158   0x08000158   0x00000000   Code   RO          865    .ARM.Collect$$$$0000000A  mc_w.l(entry8b.o)
    0x08000158   0x08000158   0x00000008   Code   RO          866    .ARM.Collect$$$$0000000B  mc_w.l(entry9a.o)
    0x08000160   0x08000160   0x00000000   Code   RO          868    .ARM.Collect$$$$0000000D  mc_w.l(entry10a.o)
    0x08000160   0x08000160   0x00000000   Code   RO          870    .ARM.Collect$$$$0000000F  mc_w.l(entry11a.o)
    0x08000160   0x08000160   0x00000004   Code   RO          859    .ARM.Collect$$$$00002712  mc_w.l(entry2.o)
    0x08000164   0x08000164   0x00000024   Code   RO          790    .text               startup_gd32f3x0.o
    0x08000188   0x08000188   0x0000014e   Code   RO          844    .text               mf_w.l(dadd.o)
    0x080002d6   0x080002d6   0x000000e4   Code   RO          846    .text               mf_w.l(dmul.o)
    0x080003ba   0x080003ba   0x000000de   Code   RO          848    .text               mf_w.l(ddiv.o)
    0x08000498   0x08000498   0x00000022   Code   RO          850    .text               mf_w.l(dflti.o)
    0x080004ba   0x080004ba   0x0000001a   Code   RO          852    .text               mf_w.l(dfltui.o)
    0x080004d4   0x080004d4   0x00000026   Code   RO          854    .text               mf_w.l(f2d.o)
    0x080004fa   0x080004fa   0x00000038   Code   RO          856    .text               mf_w.l(d2f.o)
    0x08000532   0x08000532   0x0000002c   Code   RO          882    .text               mc_w.l(uidiv.o)
    0x0800055e   0x0800055e   0x00000062   Code   RO          884    .text               mc_w.l(uldiv.o)
    0x080005c0   0x080005c0   0x0000001e   Code   RO          886    .text               mc_w.l(llshl.o)
    0x080005de   0x080005de   0x00000024   Code   RO          888    .text               mc_w.l(llsshr.o)
    0x08000602   0x08000602   0x00000000   Code   RO          890    .text               mc_w.l(iusefp.o)
    0x08000602   0x08000602   0x0000006e   Code   RO          891    .text               mf_w.l(fepilogue.o)
    0x08000670   0x08000670   0x000000ba   Code   RO          893    .text               mf_w.l(depilogue.o)
    0x0800072a   0x0800072a   0x00000030   Code   RO          895    .text               mf_w.l(dfixul.o)
    0x0800075a   0x0800075a   0x00000002   PAD
    0x0800075c   0x0800075c   0x00000030   Code   RO          897    .text               mf_w.l(cdrcmple.o)
    0x0800078c   0x0800078c   0x00000024   Code   RO          899    .text               mc_w.l(init.o)
    0x080007b0   0x080007b0   0x00000020   Code   RO          901    .text               mc_w.l(llushr.o)
    0x080007d0   0x080007d0   0x00000056   Code   RO          911    .text               mc_w.l(__dczerorl2.o)
    0x08000826   0x08000826   0x00000002   PAD
    0x08000828   0x08000828   0x00000032   Code   RO            8    .text.EXTI4_15_IRQHandler  main.o
    0x0800085a   0x0800085a   0x00000002   PAD
    0x0800085c   0x0800085c   0x000000f4   Code   RO          797    .text.SystemInit    system_gd32f3x0.o
    0x08000950   0x08000950   0x00000030   Code   RO          653    .text.debug_pin_init  uart_print.o
    0x08000980   0x08000980   0x0000010a   Code   RO           89    .text.exti_init     gd32f3x0_exti.o
    0x08000a8a   0x08000a8a   0x00000002   PAD
    0x08000a8c   0x08000a8c   0x00000014   Code   RO          109    .text.exti_interrupt_flag_clear  gd32f3x0_exti.o
    0x08000aa0   0x08000aa0   0x00000048   Code   RO          107    .text.exti_interrupt_flag_get  gd32f3x0_exti.o
    0x08000ae8   0x08000ae8   0x00000034   Code   RO          663    .text.fputc         uart_print.o
    0x08000b1c   0x08000b1c   0x000000d4   Code   RO          211    .text.gpio_af_set   gd32f3x0_gpio.o
    0x08000bf0   0x08000bf0   0x0000009c   Code   RO          191    .text.gpio_mode_set  gd32f3x0_gpio.o
    0x08000c8c   0x08000c8c   0x00000106   Code   RO          193    .text.gpio_output_options_set  gd32f3x0_gpio.o
    0x08000d92   0x08000d92   0x00000002   PAD
    0x08000d94   0x08000d94   0x00000024   Code   RO           63    .text.lh001_91_adc_channel  lh001_91.o
    0x08000db8   0x08000db8   0x00000090   Code   RO           65    .text.lh001_91_adc_code2mv  lh001_91.o
    0x08000e48   0x08000e48   0x0000002c   Code   RO           29    .text.lh001_91_adc_go  lh001_91.o
    0x08000e74   0x08000e74   0x000000cc   Code   RO           49    .text.lh001_91_adc_init  lh001_91.o
    0x08000f40   0x08000f40   0x0000002c   Code   RO           25    .text.lh001_91_adc_stop  lh001_91.o
    0x08000f6c   0x08000f6c   0x00000078   Code   RO            4    .text.lh001_91_init  main.o
    0x08000fe4   0x08000fe4   0x000000ae   Code   RO           53    .text.lh001_91_leadoff_init  lh001_91.o
    0x08001092   0x08001092   0x00000002   PAD
    0x08001094   0x08001094   0x0000008a   Code   RO           51    .text.lh001_91_pga_init  lh001_91.o
    0x0800111e   0x0800111e   0x00000002   PAD
    0x08001120   0x08001120   0x0000002c   Code   RO           35    .text.lh001_91_rdatac_start  lh001_91.o
    0x0800114c   0x0800114c   0x0000002c   Code   RO           27    .text.lh001_91_rdatac_stop  lh001_91.o
    0x08001178   0x08001178   0x0000010a   Code   RO           43    .text.lh001_91_read_data_nofifo  lh001_91.o
    0x08001282   0x08001282   0x00000002   PAD
    0x08001284   0x08001284   0x000001e8   Code   RO           39    .text.lh001_91_read_regs  lh001_91.o
    0x0800146c   0x0800146c   0x0000003e   Code   RO           55    .text.lh001_91_reg_dump  lh001_91.o
    0x080014aa   0x080014aa   0x00000002   PAD
    0x080014ac   0x080014ac   0x0000002c   Code   RO           59    .text.lh001_91_rld_init  lh001_91.o
    0x080014d8   0x080014d8   0x00000070   Code   RO           31    .text.lh001_91_sw_reset  lh001_91.o
    0x08001548   0x08001548   0x000001e0   Code   RO           37    .text.lh001_91_write_regs  lh001_91.o
    0x08001728   0x08001728   0x0000012a   Code   RO            6    .text.main          main.o
    0x08001852   0x08001852   0x00000002   PAD
    0x08001854   0x08001854   0x000000f6   Code   RO          674    .text.nvic_irq_enable  gd32f3x0_misc.o
    0x0800194a   0x0800194a   0x00000002   PAD
    0x0800194c   0x0800194c   0x0000001c   Code   RO          672    .text.nvic_priority_group_set  gd32f3x0_misc.o
    0x08001968   0x08001968   0x00000024   Code   RO          678    .text.nvic_vector_table_set  gd32f3x0_misc.o
    0x0800198c   0x0800198c   0x000003cc   Code   RO          777    .text.rcu_clock_freq_get  gd32f3x0_rcu.o
    0x08001d58   0x08001d58   0x00000028   Code   RO          695    .text.rcu_periph_clock_enable  gd32f3x0_rcu.o
    0x08001d80   0x08001d80   0x00000028   Code   RO          705    .text.rcu_periph_reset_disable  gd32f3x0_rcu.o
    0x08001da8   0x08001da8   0x00000028   Code   RO          703    .text.rcu_periph_reset_enable  gd32f3x0_rcu.o
    0x08001dd0   0x08001dd0   0x00000012   Code   RO          232    .text.spi_enable    gd32f3x0_spi.o
    0x08001de2   0x08001de2   0x00000002   PAD
    0x08001de4   0x08001de4   0x0000000e   Code   RO          252    .text.spi_i2s_data_receive  gd32f3x0_spi.o
    0x08001df2   0x08001df2   0x00000002   PAD
    0x08001df4   0x08001df4   0x00000014   Code   RO          250    .text.spi_i2s_data_transmit  gd32f3x0_spi.o
    0x08001e08   0x08001e08   0x00000052   Code   RO          226    .text.spi_i2s_deinit  gd32f3x0_spi.o
    0x08001e5a   0x08001e5a   0x00000002   PAD
    0x08001e5c   0x08001e5c   0x0000002a   Code   RO          294    .text.spi_i2s_flag_get  gd32f3x0_spi.o
    0x08001e86   0x08001e86   0x00000002   PAD
    0x08001e88   0x08001e88   0x00000072   Code   RO          230    .text.spi_init      gd32f3x0_spi.o
    0x08001efa   0x08001efa   0x00000002   PAD
    0x08001efc   0x08001efc   0x00000022   Code   RO          228    .text.spi_struct_para_init  gd32f3x0_spi.o
    0x08001f1e   0x08001f1e   0x00000002   PAD
    0x08001f20   0x08001f20   0x00000066   Code   RO          644    .text.stm_lh_delay_10us  spi_port.o
    0x08001f86   0x08001f86   0x00000002   PAD
    0x08001f88   0x08001f88   0x0000014a   Code   RO          640    .text.stm_lh_spi_init  spi_port.o
    0x080020d2   0x080020d2   0x00000002   PAD
    0x080020d4   0x080020d4   0x00000056   Code   RO          642    .text.stm_lh_spi_txrx8bit  spi_port.o
    0x0800212a   0x0800212a   0x00000002   PAD
    0x0800212c   0x0800212c   0x000000ac   Code   RO          315    .text.syscfg_exti_line_config  gd32f3x0_syscfg.o
    0x080021d8   0x080021d8   0x0000008e   Code   RO          803    .text.system_clock_84m_irc8m  system_gd32f3x0.o
    0x08002266   0x08002266   0x00000002   PAD
    0x08002268   0x08002268   0x00000008   Code   RO          799    .text.system_clock_config  system_gd32f3x0.o
    0x08002270   0x08002270   0x000000b4   Code   RO          661    .text.uart_print_init  uart_print.o
    0x08002324   0x08002324   0x000000bc   Code   RO          489    .text.usart_baudrate_set  gd32f3x0_usart.o
    0x080023e0   0x080023e0   0x00000014   Code   RO          523    .text.usart_data_transmit  gd32f3x0_usart.o
    0x080023f4   0x080023f4   0x00000052   Code   RO          487    .text.usart_deinit  gd32f3x0_usart.o
    0x08002446   0x08002446   0x00000002   PAD
    0x08002448   0x08002448   0x00000012   Code   RO          497    .text.usart_enable  gd32f3x0_usart.o
    0x0800245a   0x0800245a   0x00000002   PAD
    0x0800245c   0x0800245c   0x0000003a   Code   RO          621    .text.usart_flag_get  gd32f3x0_usart.o
    0x08002496   0x08002496   0x00000002   PAD
    0x08002498   0x08002498   0x00000028   Code   RO          491    .text.usart_parity_config  gd32f3x0_usart.o
    0x080024c0   0x080024c0   0x0000001e   Code   RO          503    .text.usart_receive_config  gd32f3x0_usart.o
    0x080024de   0x080024de   0x00000002   PAD
    0x080024e0   0x080024e0   0x00000028   Code   RO          495    .text.usart_stop_bit_set  gd32f3x0_usart.o
    0x08002508   0x08002508   0x0000001e   Code   RO          501    .text.usart_transmit_config  gd32f3x0_usart.o
    0x08002526   0x08002526   0x00000002   PAD
    0x08002528   0x08002528   0x00000028   Code   RO          493    .text.usart_word_length_set  gd32f3x0_usart.o
    0x08002550   0x08002550   0x00000020   Code   RO          817    i.__0printf         mc_w.l(printfa.o)
    0x08002570   0x08002570   0x0000000e   Code   RO          905    i.__scatterload_copy  mc_w.l(handlers.o)
    0x0800257e   0x0800257e   0x00000002   Code   RO          906    i.__scatterload_null  mc_w.l(handlers.o)
    0x08002580   0x08002580   0x0000000e   Code   RO          907    i.__scatterload_zeroinit  mc_w.l(handlers.o)
    0x0800258e   0x0800258e   0x00000002   PAD
    0x08002590   0x08002590   0x00000184   Code   RO          824    i._fp_digits        mc_w.l(printfa.o)
    0x08002714   0x08002714   0x000006dc   Code   RO          825    i._printf_core      mc_w.l(printfa.o)
    0x08002df0   0x08002df0   0x00000024   Code   RO          826    i._printf_post_padding  mc_w.l(printfa.o)
    0x08002e14   0x08002e14   0x0000002e   Code   RO          827    i._printf_pre_padding  mc_w.l(printfa.o)
    0x08002e42   0x08002e42   0x00000022   Data   RO           13    .rodata.str1.1      main.o
    0x08002e64   0x08002e64   0x00000020   Data   RO          904    Region$$Table       anon$$obj.o


    Execution Region RW_IRAM1 (Exec base: 0x20000000, Load base: 0x08002e88, Size: 0x00000680, Max: 0x00002000, ABSOLUTE, COMPRESSED[0x00000088])

    Exec Addr    Load Addr    Size         Type   Attr      Idx    E Section Name        Object

    0x20000000   COMPRESSED   0x00000004   Data   RW          872    .data               mc_w.l(stdout.o)
    0x20000004   COMPRESSED   0x00000004   Data   RW          805    .data.SystemCoreClock  system_gd32f3x0.o
    0x20000008   COMPRESSED   0x00000258   Data   RW           10    .data.reg           main.o
    0x20000260        -       0x00000004   Zero   RW           11    .bss.data_cnt       main.o
    0x20000264        -       0x00000004   Zero   RW           12    .bss.data_ready_flag  main.o
    0x20000268        -       0x00000010   Zero   RW           14    .bss.ecg_dat        main.o
    0x20000278        -       0x00000006   Zero   RW           79    .bss.lh001_91_read_data_nofifo.dat  lh001_91.o
    0x2000027e   COMPRESSED   0x00000002   PAD
    0x20000280        -       0x00000400   Zero   RW          787    STACK               startup_gd32f3x0.o


==============================================================================

Image component sizes


      Code (inc. data)   RO Data    RW Data    ZI Data      Debug   Object Name

       358          4          0          0          0       3057   gd32f3x0_exti.o
       630          0          0          0          0       4224   gd32f3x0_gpio.o
       310          0          0          0          0       2998   gd32f3x0_misc.o
      1092         12          0          0          0      12016   gd32f3x0_rcu.o
       324          0          0          0          0       6527   gd32f3x0_spi.o
       172          4          0          0          0       2846   gd32f3x0_syscfg.o
       546          0          0          0          0      13825   gd32f3x0_usart.o
      2324          8          0          0          6       8006   lh001_91.o
       468          0         34        600         24       3040   main.o
       518          0          0          0          0       3396   spi_port.o
        36          8        336          0       1024        900   startup_gd32f3x0.o
       394          0          0          4          0       2334   system_gd32f3x0.o
       280          0          0          0          0       2630   uart_print.o

    ----------------------------------------------------------------------
      7500         36        402        604       1056      65799   Object Totals
         0          0         32          0          0          0   (incl. Generated)
        48          0          0          0          2          0   (incl. Padding)

    ----------------------------------------------------------------------

      Code (inc. data)   RO Data    RW Data    ZI Data      Debug   Library Member Name

        86          0          0          0          0          0   __dczerorl2.o
         0          0          0          0          0          0   entry.o
         0          0          0          0          0          0   entry10a.o
         0          0          0          0          0          0   entry11a.o
         8          4          0          0          0          0   entry2.o
         4          0          0          0          0          0   entry5.o
         0          0          0          0          0          0   entry7b.o
         0          0          0          0          0          0   entry8b.o
         8          4          0          0          0          0   entry9a.o
        30          0          0          0          0          0   handlers.o
        36          8          0          0          0         68   init.o
         0          0          0          0          0          0   iusefp.o
        30          0          0          0          0         68   llshl.o
        36          0          0          0          0         68   llsshr.o
        32          0          0          0          0         68   llushr.o
      2258         90          0          0          0        452   printfa.o
         0          0          0          4          0          0   stdout.o
        44          0          0          0          0         80   uidiv.o
        98          0          0          0          0         92   uldiv.o
        48          0          0          0          0         68   cdrcmple.o
        56          0          0          0          0         88   d2f.o
       334          0          0          0          0        148   dadd.o
       222          0          0          0          0        100   ddiv.o
       186          0          0          0          0        176   depilogue.o
        48          0          0          0          0         68   dfixul.o
        34          0          0          0          0         76   dflti.o
        26          0          0          0          0         76   dfltui.o
       228          0          0          0          0         96   dmul.o
        38          0          0          0          0         68   f2d.o
       110          0          0          0          0        168   fepilogue.o

    ----------------------------------------------------------------------
      4006        106          0          4          0       2028   Library Totals
         6          0          0          0          0          0   (incl. Padding)

    ----------------------------------------------------------------------

      Code (inc. data)   RO Data    RW Data    ZI Data      Debug   Library Name

      2670        106          0          4          0        896   mc_w.l
      1330          0          0          0          0       1132   mf_w.l

    ----------------------------------------------------------------------
      4006        106          0          4          0       2028   Library Totals

    ----------------------------------------------------------------------

==============================================================================


      Code (inc. data)   RO Data    RW Data    ZI Data      Debug   

     11506        142        402        608       1056      66903   Grand Totals
     11506        142        402        136       1056      66903   ELF Image Totals (compressed)
     11506        142        402        136          0          0   ROM Totals

==============================================================================

    Total RO  Size (Code + RO Data)                11908 (  11.63kB)
    Total RW  Size (RW Data + ZI Data)              1664 (   1.62kB)
    Total ROM Size (Code + RO Data + RW Data)      12044 (  11.76kB)

==============================================================================

